Archive member included to satisfy reference by file (symbol)

c:/st/stm32cubeide_1.7.0/stm32cubeide/plugins/com.st.stm32cube.ide.mcu.externaltools.gnu-tools-for-stm32.9-2020-q2-update.win32_2.0.0.202105311346/tools/bin/../lib/gcc/arm-none-eabi/9.3.1/../../../../arm-none-eabi/lib/thumb/v7-m/nofp\libc_nano.a(lib_a-errno.o)
                              ./Core/Src/syscalls.o (__errno)
c:/st/stm32cubeide_1.7.0/stm32cubeide/plugins/com.st.stm32cube.ide.mcu.externaltools.gnu-tools-for-stm32.9-2020-q2-update.win32_2.0.0.202105311346/tools/bin/../lib/gcc/arm-none-eabi/9.3.1/../../../../arm-none-eabi/lib/thumb/v7-m/nofp\libc_nano.a(lib_a-exit.o)
                              c:/st/stm32cubeide_1.7.0/stm32cubeide/plugins/com.st.stm32cube.ide.mcu.externaltools.gnu-tools-for-stm32.9-2020-q2-update.win32_2.0.0.202105311346/tools/bin/../lib/gcc/arm-none-eabi/9.3.1/../../../../arm-none-eabi/lib/thumb/v7-m/nofp/crt0.o (exit)
c:/st/stm32cubeide_1.7.0/stm32cubeide/plugins/com.st.stm32cube.ide.mcu.externaltools.gnu-tools-for-stm32.9-2020-q2-update.win32_2.0.0.202105311346/tools/bin/../lib/gcc/arm-none-eabi/9.3.1/../../../../arm-none-eabi/lib/thumb/v7-m/nofp\libc_nano.a(lib_a-impure.o)
                              c:/st/stm32cubeide_1.7.0/stm32cubeide/plugins/com.st.stm32cube.ide.mcu.externaltools.gnu-tools-for-stm32.9-2020-q2-update.win32_2.0.0.202105311346/tools/bin/../lib/gcc/arm-none-eabi/9.3.1/../../../../arm-none-eabi/lib/thumb/v7-m/nofp\libc_nano.a(lib_a-exit.o) (_global_impure_ptr)
c:/st/stm32cubeide_1.7.0/stm32cubeide/plugins/com.st.stm32cube.ide.mcu.externaltools.gnu-tools-for-stm32.9-2020-q2-update.win32_2.0.0.202105311346/tools/bin/../lib/gcc/arm-none-eabi/9.3.1/../../../../arm-none-eabi/lib/thumb/v7-m/nofp\libc_nano.a(lib_a-init.o)
                              c:/st/stm32cubeide_1.7.0/stm32cubeide/plugins/com.st.stm32cube.ide.mcu.externaltools.gnu-tools-for-stm32.9-2020-q2-update.win32_2.0.0.202105311346/tools/bin/../lib/gcc/arm-none-eabi/9.3.1/../../../../arm-none-eabi/lib/thumb/v7-m/nofp/crt0.o (__libc_init_array)
c:/st/stm32cubeide_1.7.0/stm32cubeide/plugins/com.st.stm32cube.ide.mcu.externaltools.gnu-tools-for-stm32.9-2020-q2-update.win32_2.0.0.202105311346/tools/bin/../lib/gcc/arm-none-eabi/9.3.1/../../../../arm-none-eabi/lib/thumb/v7-m/nofp\libc_nano.a(lib_a-memset.o)
                              c:/st/stm32cubeide_1.7.0/stm32cubeide/plugins/com.st.stm32cube.ide.mcu.externaltools.gnu-tools-for-stm32.9-2020-q2-update.win32_2.0.0.202105311346/tools/bin/../lib/gcc/arm-none-eabi/9.3.1/../../../../arm-none-eabi/lib/thumb/v7-m/nofp/crt0.o (memset)

Allocating common symbols
Common symbol       size              file

uwTick              0x4               ./Drivers/STM32F1xx_HAL_Driver/Src/stm32f1xx_hal.o
pFlash              0x20              ./Drivers/STM32F1xx_HAL_Driver/Src/stm32f1xx_hal_flash.o
red_value           0x4               ./Core/Src/global.o
yellow_draft        0x4               ./Core/Src/global.o
green_value         0x4               ./Core/Src/global.o
htim2               0x48              ./Core/Src/main.o
green_draft         0x4               ./Core/Src/global.o
yellow_value        0x4               ./Core/Src/global.o
red_draft           0x4               ./Core/Src/global.o

Discarded input sections

 .text          0x0000000000000000        0x0 c:/st/stm32cubeide_1.7.0/stm32cubeide/plugins/com.st.stm32cube.ide.mcu.externaltools.gnu-tools-for-stm32.9-2020-q2-update.win32_2.0.0.202105311346/tools/bin/../lib/gcc/arm-none-eabi/9.3.1/thumb/v7-m/nofp/crti.o
 .data          0x0000000000000000        0x0 c:/st/stm32cubeide_1.7.0/stm32cubeide/plugins/com.st.stm32cube.ide.mcu.externaltools.gnu-tools-for-stm32.9-2020-q2-update.win32_2.0.0.202105311346/tools/bin/../lib/gcc/arm-none-eabi/9.3.1/thumb/v7-m/nofp/crti.o
 .bss           0x0000000000000000        0x0 c:/st/stm32cubeide_1.7.0/stm32cubeide/plugins/com.st.stm32cube.ide.mcu.externaltools.gnu-tools-for-stm32.9-2020-q2-update.win32_2.0.0.202105311346/tools/bin/../lib/gcc/arm-none-eabi/9.3.1/thumb/v7-m/nofp/crti.o
 .data          0x0000000000000000        0x4 c:/st/stm32cubeide_1.7.0/stm32cubeide/plugins/com.st.stm32cube.ide.mcu.externaltools.gnu-tools-for-stm32.9-2020-q2-update.win32_2.0.0.202105311346/tools/bin/../lib/gcc/arm-none-eabi/9.3.1/thumb/v7-m/nofp/crtbegin.o
 .text          0x0000000000000000       0x7c c:/st/stm32cubeide_1.7.0/stm32cubeide/plugins/com.st.stm32cube.ide.mcu.externaltools.gnu-tools-for-stm32.9-2020-q2-update.win32_2.0.0.202105311346/tools/bin/../lib/gcc/arm-none-eabi/9.3.1/../../../../arm-none-eabi/lib/thumb/v7-m/nofp/crt0.o
 .data          0x0000000000000000        0x0 c:/st/stm32cubeide_1.7.0/stm32cubeide/plugins/com.st.stm32cube.ide.mcu.externaltools.gnu-tools-for-stm32.9-2020-q2-update.win32_2.0.0.202105311346/tools/bin/../lib/gcc/arm-none-eabi/9.3.1/../../../../arm-none-eabi/lib/thumb/v7-m/nofp/crt0.o
[...]
Memory Configuration

Name             Origin             Length             Attributes
RAM              0x0000000020000000 0x0000000000002800 xrw
FLASH            0x0000000008000000 0x0000000000008000 xr
*default*        0x0000000000000000 0xffffffffffffffff

Linker script and memory map

LOAD c:/st/stm32cubeide_1.7.0/stm32cubeide/plugins/com.st.stm32cube.ide.mcu.externaltools.gnu-tools-for-stm32.9-2020-q2-update.win32_2.0.0.202105311346/tools/bin/../lib/gcc/arm-none-eabi/9.3.1/thumb/v7-m/nofp/crti.o
LOAD c:/st/stm32cubeide_1.7.0/stm32cubeide/plugins/com.st.stm32cube.ide.mcu.externaltools.gnu-tools-for-stm32.9-2020-q2-update.win32_2.0.0.202105311346/tools/bin/../lib/gcc/arm-none-eabi/9.3.1/thumb/v7-m/nofp/crtbegin.o
LOAD c:/st/stm32cubeide_1.7.0/stm32cubeide/plugins/com.st.stm32cube.ide.mcu.externaltools.gnu-tools-for-stm32.9-2020-q2-update.win32_2.0.0.202105311346/tools/bin/../lib/gcc/arm-none-eabi/9.3.1/../../../../arm-none-eabi/lib/thumb/v7-m/nofp/crt0.o
LOAD ./Core/Src/global.o
LOAD ./Core/Src/input_processing.o
LOAD ./Core/Src/input_reading.o
LOAD ./Core/Src/led_display.o
LOAD ./Core/Src/main.o
LOAD ./Core/Src/stm32f1xx_hal_msp.o
LOAD ./Core/Src/stm32f1xx_it.o
LOAD ./Core/Src/syscalls.o
LOAD ./Core/Src/sysmem.o
LOAD ./Core/Src/system_stm32f1xx.o
LOAD ./Core/Src/timer.o
LOAD ./Core/Startup/startup_stm32f103c6ux.o
LOAD ./Drivers/STM32F1xx_HAL_Driver/Src/stm32f1xx_hal.o
LOAD ./Drivers/STM32F1xx_HAL_Driver/Src/stm32f1xx_hal_cortex.o
LOAD ./Drivers/STM32F1xx_HAL_Driver/Src/stm32f1xx_hal_dma.o
LOAD ./Drivers/STM32F1xx_HAL_Driver/Src/stm32f1xx_hal_exti.o
LOAD ./Drivers/STM32F1xx_HAL_Driver/Src/stm32f1xx_hal_flash.o
LOAD ./Drivers/STM32F1xx_HAL_Driver/Src/stm32f1xx_hal_flash_ex.o
LOAD ./Drivers/STM32F1xx_HAL_Driver/Src/stm32f1xx_hal_gpio.o
LOAD ./Drivers/STM32F1xx_HAL_Driver/Src/stm32f1xx_hal_gpio_ex.o
LOAD ./Drivers/STM32F1xx_HAL_Driver/Src/stm32f1xx_hal_pwr.o
LOAD ./Drivers/STM32F1xx_HAL_Driver/Src/stm32f1xx_hal_rcc.o
LOAD ./Drivers/STM32F1xx_HAL_Driver/Src/stm32f1xx_hal_rcc_ex.o
LOAD ./Drivers/STM32F1xx_HAL_Driver/Src/stm32f1xx_hal_tim.o
LOAD ./Drivers/STM32F1xx_HAL_Driver/Src/stm32f1xx_hal_tim_ex.o
START GROUP
LOAD c:/st/stm32cubeide_1.7.0/stm32cubeide/plugins/com.st.stm32cube.ide.mcu.externaltools.gnu-tools-for-stm32.9-2020-q2-update.win32_2.0.0.202105311346/tools/bin/../lib/gcc/arm-none-eabi/9.3.1/../../../../arm-none-eabi/lib/thumb/v7-m/nofp\libc_nano.a
LOAD c:/st/stm32cubeide_1.7.0/stm32cubeide/plugins/com.st.stm32cube.ide.mcu.externaltools.gnu-tools-for-stm32.9-2020-q2-update.win32_2.0.0.202105311346/tools/bin/../lib/gcc/arm-none-eabi/9.3.1/../../../../arm-none-eabi/lib/thumb/v7-m/nofp\libm.a
END GROUP
START GROUP
LOAD c:/st/stm32cubeide_1.7.0/stm32cubeide/plugins/com.st.stm32cube.ide.mcu.externaltools.gnu-tools-for-stm32.9-2020-q2-update.win32_2.0.0.202105311346/tools/bin/../lib/gcc/arm-none-eabi/9.3.1/thumb/v7-m/nofp\libgcc.a
LOAD c:/st/stm32cubeide_1.7.0/stm32cubeide/plugins/com.st.stm32cube.ide.mcu.externaltools.gnu-tools-for-stm32.9-2020-q2-update.win32_2.0.0.202105311346/tools/bin/../lib/gcc/arm-none-eabi/9.3.1/../../../../arm-none-eabi/lib/thumb/v7-m/nofp\libc_nano.a
END GROUP
START GROUP
LOAD c:/st/stm32cubeide_1.7.0/stm32cubeide/plugins/com.st.stm32cube.ide.mcu.externaltools.gnu-tools-for-stm32.9-2020-q2-update.win32_2.0.0.202105311346/tools/bin/../lib/gcc/arm-none-eabi/9.3.1/thumb/v7-m/nofp\libgcc.a
LOAD c:/st/stm32cubeide_1.7.0/stm32cubeide/plugins/com.st.stm32cube.ide.mcu.externaltools.gnu-tools-for-stm32.9-2020-q2-update.win32_2.0.0.202105311346/tools/bin/../lib/gcc/arm-none-eabi/9.3.1/../../../../arm-none-eabi/lib/thumb/v7-m/nofp\libc_nano.a
LOAD c:/st/stm32cubeide_1.7.0/stm32cubeide/plugins/com.st.stm32cube.ide.mcu.externaltools.gnu-tools-for-stm32.9-2020-q2-update.win32_2.0.0.202105311346/tools/bin/../lib/gcc/arm-none-eabi/9.3.1/../../../../arm-none-eabi/lib/thumb/v7-m/nofp\libnosys.a
END GROUP
START GROUP
LOAD c:/st/stm32cubeide_1.7.0/stm32cubeide/plugins/com.st.stm32cube.ide.mcu.externaltools.gnu-tools-for-stm32.9-2020-q2-update.win32_2.0.0.202105311346/tools/bin/../lib/gcc/arm-none-eabi/9.3.1/thumb/v7-m/nofp\libgcc.a
LOAD c:/st/stm32cubeide_1.7.0/stm32cubeide/plugins/com.st.stm32cube.ide.mcu.externaltools.gnu-tools-for-stm32.9-2020-q2-update.win32_2.0.0.202105311346/tools/bin/../lib/gcc/arm-none-eabi/9.3.1/../../../../arm-none-eabi/lib/thumb/v7-m/nofp\libc_nano.a
LOAD c:/st/stm32cubeide_1.7.0/stm32cubeide/plugins/com.st.stm32cube.ide.mcu.externaltools.gnu-tools-for-stm32.9-2020-q2-update.win32_2.0.0.202105311346/tools/bin/../lib/gcc/arm-none-eabi/9.3.1/../../../../arm-none-eabi/lib/thumb/v7-m/nofp\libnosys.a
END GROUP
LOAD c:/st/stm32cubeide_1.7.0/stm32cubeide/plugins/com.st.stm32cube.ide.mcu.externaltools.gnu-tools-for-stm32.9-2020-q2-update.win32_2.0.0.202105311346/tools/bin/../lib/gcc/arm-none-eabi/9.3.1/thumb/v7-m/nofp/crtend.o
LOAD c:/st/stm32cubeide_1.7.0/stm32cubeide/plugins/com.st.stm32cube.ide.mcu.externaltools.gnu-tools-for-stm32.9-2020-q2-update.win32_2.0.0.202105311346/tools/bin/../lib/gcc/arm-none-eabi/9.3.1/thumb/v7-m/nofp/crtn.o
                0x0000000020002800                _estack = (ORIGIN (RAM) + LENGTH (RAM))
                0x0000000000000200                _Min_Heap_Size = 0x200
                0x0000000000000400                _Min_Stack_Size = 0x400

.isr_vector     0x0000000008000000      0x10c
                0x0000000008000000                . = ALIGN (0x4)
 *(.isr_vector)
 .isr_vector    0x0000000008000000      0x10c ./Core/Startup/startup_stm32f103c6ux.o
                0x0000000008000000                g_pfnVectors
                0x000000000800010c                . = ALIGN (0x4)

.text           0x000000000800010c     0x2c1c
                0x000000000800010c                . = ALIGN (0x4)
 *(.text)
 .text          0x000000000800010c       0x40 c:/st/stm32cubeide_1.7.0/stm32cubeide/plugins/com.st.stm32cube.ide.mcu.externaltools.gnu-tools-for-stm32.9-2020-q2-update.win32_2.0.0.202105311346/tools/bin/../lib/gcc/arm-none-eabi/9.3.1/thumb/v7-m/nofp/crtbegin.o
 *(.text*)
 .text.LedTimeDurationInit
                0x000000000800014c       0x50 ./Core/Src/global.o
                0x000000000800014c                LedTimeDurationInit
 .text.UpdateMode
                0x000000000800019c       0x68 ./Core/Src/input_processing.o
                0x000000000800019c                UpdateMode
 .text.increaseDraftValue
                0x0000000008000204       0x90 ./Core/Src/input_processing.o
 .text.setDurationValue
                0x0000000008000294       0xd4 ./Core/Src/input_processing.o
 .text.UpdateDurationValue
                0x0000000008000368       0xdc ./Core/Src/input_processing.o
                0x0000000008000368                UpdateDurationValue
 .text.init_buffer
                0x0000000008000444       0x94 ./Core/Src/input_reading.o
                0x0000000008000444                init_buffer
 .text.button_reading
                0x00000000080004d8      0x168 ./Core/Src/input_reading.o
                0x00000000080004d8                button_reading
 .text.is_button_pressed
                0x0000000008000640       0x34 ./Core/Src/input_reading.o
                0x0000000008000640                is_button_pressed
 .text.is_button_pressed_1s
                0x0000000008000674       0x34 ./Core/Src/input_reading.o
                0x0000000008000674                is_button_pressed_1s
 .text.is_button_held
                0x00000000080006a8       0x34 ./Core/Src/input_reading.o
                0x00000000080006a8                is_button_held
 .text.reset_flagForButtonHold
                0x00000000080006dc       0x20 ./Core/Src/input_reading.o
                0x00000000080006dc                reset_flagForButtonHold
 .text.display7SEG
                0x00000000080006fc      0x320 ./Core/Src/led_display.o
 .text.resetCountValue
                0x0000000008000a1c       0x40 ./Core/Src/led_display.o
                0x0000000008000a1c                resetCountValue
 .text.NormalMode
                0x0000000008000a5c      0x2d4 ./Core/Src/led_display.o
                0x0000000008000a5c                NormalMode
 .text.get7SEG1Value
                0x0000000008000d30       0x5c ./Core/Src/led_display.o
 .text.get7SEG2Value
                0x0000000008000d8c       0x5c ./Core/Src/led_display.o
 .text.LedDispMode
                0x0000000008000de8      0x160 ./Core/Src/led_display.o
                0x0000000008000de8                LedDispMode
 .text.LEDScanning
                0x0000000008000f48      0x210 ./Core/Src/led_display.o
                0x0000000008000f48                LEDScanning
 .text.main     0x0000000008001158       0x80 ./Core/Src/main.o
                0x0000000008001158                main
 .text.SystemClock_Config
                0x00000000080011d8       0x76 ./Core/Src/main.o
                0x00000000080011d8                SystemClock_Config
 *fill*         0x000000000800124e        0x2 
 .text.MX_TIM2_Init
                0x0000000008001250       0x98 ./Core/Src/main.o
 .text.MX_GPIO_Init
                0x00000000080012e8       0xc4 ./Core/Src/main.o
 .text.Error_Handler
                0x00000000080013ac        0xa ./Core/Src/main.o
                0x00000000080013ac                Error_Handler
 *fill*         0x00000000080013b6        0x2 
 .text.HAL_MspInit
                0x00000000080013b8       0x64 ./Core/Src/stm32f1xx_hal_msp.o
                0x00000000080013b8                HAL_MspInit
 .text.HAL_TIM_Base_MspInit
                0x000000000800141c       0x48 ./Core/Src/stm32f1xx_hal_msp.o
                0x000000000800141c                HAL_TIM_Base_MspInit
 .text.NMI_Handler
                0x0000000008001464        0x6 ./Core/Src/stm32f1xx_it.o
                0x0000000008001464                NMI_Handler
 .text.HardFault_Handler
                0x000000000800146a        0x6 ./Core/Src/stm32f1xx_it.o
                0x000000000800146a                HardFault_Handler
 .text.MemManage_Handler
                0x0000000008001470        0x6 ./Core/Src/stm32f1xx_it.o
                0x0000000008001470                MemManage_Handler
 .text.BusFault_Handler
                0x0000000008001476        0x6 ./Core/Src/stm32f1xx_it.o
                0x0000000008001476                BusFault_Handler
 .text.UsageFault_Handler
                0x000000000800147c        0x6 ./Core/Src/stm32f1xx_it.o
                0x000000000800147c                UsageFault_Handler
 .text.SVC_Handler
                0x0000000008001482        0xc ./Core/Src/stm32f1xx_it.o
                0x0000000008001482                SVC_Handler
 .text.DebugMon_Handler
                0x000000000800148e        0xc ./Core/Src/stm32f1xx_it.o
                0x000000000800148e                DebugMon_Handler
 .text.PendSV_Handler
                0x000000000800149a        0xc ./Core/Src/stm32f1xx_it.o
                0x000000000800149a                PendSV_Handler
 .text.SysTick_Handler
                0x00000000080014a6        0xc ./Core/Src/stm32f1xx_it.o
                0x00000000080014a6                SysTick_Handler
 *fill*         0x00000000080014b2        0x2 
 .text.TIM2_IRQHandler
                0x00000000080014b4       0x14 ./Core/Src/stm32f1xx_it.o
                0x00000000080014b4                TIM2_IRQHandler
 .text.SystemInit
                0x00000000080014c8        0xc ./Core/Src/system_stm32f1xx.o
                0x00000000080014c8                SystemInit
 .text.setTimer0
                0x00000000080014d4       0x28 ./Core/Src/timer.o
                0x00000000080014d4                setTimer0
 .text.setTimer1
                0x00000000080014fc       0x28 ./Core/Src/timer.o
                0x00000000080014fc                setTimer1
 .text.setTimer2
                0x0000000008001524       0x28 ./Core/Src/timer.o
                0x0000000008001524                setTimer2
 .text.setTimer3
                0x000000000800154c       0x28 ./Core/Src/timer.o
                0x000000000800154c                setTimer3
 .text.timer_run
                0x0000000008001574       0xac ./Core/Src/timer.o
                0x0000000008001574                timer_run
 .text.get_timer0_flag
                0x0000000008001620       0x14 ./Core/Src/timer.o
                0x0000000008001620                get_timer0_flag
 .text.get_timer1_flag
                0x0000000008001634       0x14 ./Core/Src/timer.o
                0x0000000008001634                get_timer1_flag
 .text.get_timer2_flag
                0x0000000008001648       0x14 ./Core/Src/timer.o
                0x0000000008001648                get_timer2_flag
 .text.HAL_TIM_PeriodElapsedCallback
                0x000000000800165c       0x22 ./Core/Src/timer.o
                0x000000000800165c                HAL_TIM_PeriodElapsedCallback
 *fill*         0x000000000800167e        0x2 
 .text.Reset_Handler
                0x0000000008001680       0x48 ./Core/Startup/startup_stm32f103c6ux.o
                0x0000000008001680                Reset_Handler
 .text.Default_Handler
                0x00000000080016c8        0x2 ./Core/Startup/startup_stm32f103c6ux.o
                0x00000000080016c8                RTC_Alarm_IRQHandler
                0x00000000080016c8                EXTI2_IRQHandler
                0x00000000080016c8                TIM1_CC_IRQHandler
                0x00000000080016c8                PVD_IRQHandler
                0x00000000080016c8                EXTI3_IRQHandler
                0x00000000080016c8                EXTI0_IRQHandler
                0x00000000080016c8                ADC1_2_IRQHandler
                0x00000000080016c8                SPI1_IRQHandler
                0x00000000080016c8                TAMPER_IRQHandler
                0x00000000080016c8                DMA1_Channel4_IRQHandler
                0x00000000080016c8                RTC_IRQHandler
                0x00000000080016c8                DMA1_Channel7_IRQHandler
                0x00000000080016c8                CAN1_RX1_IRQHandler
                0x00000000080016c8                I2C1_EV_IRQHandler
                0x00000000080016c8                DMA1_Channel6_IRQHandler
                0x00000000080016c8                TIM3_IRQHandler
                0x00000000080016c8                RCC_IRQHandler
                0x00000000080016c8                TIM1_TRG_COM_IRQHandler
                0x00000000080016c8                DMA1_Channel1_IRQHandler
                0x00000000080016c8                Default_Handler
                0x00000000080016c8                EXTI15_10_IRQHandler
                0x00000000080016c8                EXTI9_5_IRQHandler
                0x00000000080016c8                DMA1_Channel5_IRQHandler
                0x00000000080016c8                EXTI4_IRQHandler
                0x00000000080016c8                USB_LP_CAN1_RX0_IRQHandler
                0x00000000080016c8                USB_HP_CAN1_TX_IRQHandler
                0x00000000080016c8                DMA1_Channel3_IRQHandler
                0x00000000080016c8                TIM1_UP_IRQHandler
                0x00000000080016c8                WWDG_IRQHandler
                0x00000000080016c8                TIM1_BRK_IRQHandler
                0x00000000080016c8                EXTI1_IRQHandler
                0x00000000080016c8                USART2_IRQHandler
                0x00000000080016c8                DMA1_Channel2_IRQHandler
                0x00000000080016c8                CAN1_SCE_IRQHandler
                0x00000000080016c8                FLASH_IRQHandler
                0x00000000080016c8                USART1_IRQHandler
                0x00000000080016c8                I2C1_ER_IRQHandler
                0x00000000080016c8                USBWakeUp_IRQHandler
 *fill*         0x00000000080016ca        0x2 
 .text.HAL_Init
                0x00000000080016cc       0x2c ./Drivers/STM32F1xx_HAL_Driver/Src/stm32f1xx_hal.o
                0x00000000080016cc                HAL_Init
 .text.HAL_InitTick
                0x00000000080016f8       0x60 ./Drivers/STM32F1xx_HAL_Driver/Src/stm32f1xx_hal.o
                0x00000000080016f8                HAL_InitTick
 .text.HAL_IncTick
                0x0000000008001758       0x24 ./Drivers/STM32F1xx_HAL_Driver/Src/stm32f1xx_hal.o
                0x0000000008001758                HAL_IncTick
 .text.HAL_GetTick
                0x000000000800177c       0x14 ./Drivers/STM32F1xx_HAL_Driver/Src/stm32f1xx_hal.o
                0x000000000800177c                HAL_GetTick
 .text.__NVIC_SetPriorityGrouping
                0x0000000008001790       0x48 ./Drivers/STM32F1xx_HAL_Driver/Src/stm32f1xx_hal_cortex.o
 .text.__NVIC_GetPriorityGrouping
                0x00000000080017d8       0x1c ./Drivers/STM32F1xx_HAL_Driver/Src/stm32f1xx_hal_cortex.o
 .text.__NVIC_EnableIRQ
                0x00000000080017f4       0x38 ./Drivers/STM32F1xx_HAL_Driver/Src/stm32f1xx_hal_cortex.o
 .text.__NVIC_SetPriority
                0x000000000800182c       0x54 ./Drivers/STM32F1xx_HAL_Driver/Src/stm32f1xx_hal_cortex.o
 .text.NVIC_EncodePriority
                0x0000000008001880       0x64 ./Drivers/STM32F1xx_HAL_Driver/Src/stm32f1xx_hal_cortex.o
 .text.SysTick_Config
                0x00000000080018e4       0x44 ./Drivers/STM32F1xx_HAL_Driver/Src/stm32f1xx_hal_cortex.o
 .text.HAL_NVIC_SetPriorityGrouping
                0x0000000008001928       0x16 ./Drivers/STM32F1xx_HAL_Driver/Src/stm32f1xx_hal_cortex.o
                0x0000000008001928                HAL_NVIC_SetPriorityGrouping
 .text.HAL_NVIC_SetPriority
                0x000000000800193e       0x38 ./Drivers/STM32F1xx_HAL_Driver/Src/stm32f1xx_hal_cortex.o
                0x000000000800193e                HAL_NVIC_SetPriority
 .text.HAL_NVIC_EnableIRQ
                0x0000000008001976       0x1c ./Drivers/STM32F1xx_HAL_Driver/Src/stm32f1xx_hal_cortex.o
                0x0000000008001976                HAL_NVIC_EnableIRQ
 .text.HAL_SYSTICK_Config
                0x0000000008001992       0x18 ./Drivers/STM32F1xx_HAL_Driver/Src/stm32f1xx_hal_cortex.o
                0x0000000008001992                HAL_SYSTICK_Config
 *fill*         0x00000000080019aa        0x2 
 .text.HAL_GPIO_Init
                0x00000000080019ac      0x2f4 ./Drivers/STM32F1xx_HAL_Driver/Src/stm32f1xx_hal_gpio.o
                0x00000000080019ac                HAL_GPIO_Init
 .text.HAL_GPIO_ReadPin
                0x0000000008001ca0       0x2e ./Drivers/STM32F1xx_HAL_Driver/Src/stm32f1xx_hal_gpio.o
                0x0000000008001ca0                HAL_GPIO_ReadPin
 .text.HAL_GPIO_WritePin
                0x0000000008001cce       0x30 ./Drivers/STM32F1xx_HAL_Driver/Src/stm32f1xx_hal_gpio.o
                0x0000000008001cce                HAL_GPIO_WritePin
 .text.HAL_GPIO_TogglePin
                0x0000000008001cfe       0x32 ./Drivers/STM32F1xx_HAL_Driver/Src/stm32f1xx_hal_gpio.o
                0x0000000008001cfe                HAL_GPIO_TogglePin
 .text.HAL_RCC_OscConfig
                0x0000000008001d30      0x500 ./Drivers/STM32F1xx_HAL_Driver/Src/stm32f1xx_hal_rcc.o
                0x0000000008001d30                HAL_RCC_OscConfig
 .text.HAL_RCC_ClockConfig
                0x0000000008002230      0x1d4 ./Drivers/STM32F1xx_HAL_Driver/Src/stm32f1xx_hal_rcc.o
                0x0000000008002230                HAL_RCC_ClockConfig
 .text.HAL_RCC_GetSysClockFreq
                0x0000000008002404       0xa8 ./Drivers/STM32F1xx_HAL_Driver/Src/stm32f1xx_hal_rcc.o
                0x0000000008002404                HAL_RCC_GetSysClockFreq
 .text.RCC_Delay
                0x00000000080024ac       0x3c ./Drivers/STM32F1xx_HAL_Driver/Src/stm32f1xx_hal_rcc.o
 .text.HAL_TIM_Base_Init
                0x00000000080024e8       0x9e ./Drivers/STM32F1xx_HAL_Driver/Src/stm32f1xx_hal_tim.o
                0x00000000080024e8                HAL_TIM_Base_Init
 *fill*         0x0000000008002586        0x2 
 .text.HAL_TIM_Base_Start_IT
                0x0000000008002588       0x98 ./Drivers/STM32F1xx_HAL_Driver/Src/stm32f1xx_hal_tim.o
                0x0000000008002588                HAL_TIM_Base_Start_IT
 .text.HAL_TIM_IRQHandler
                0x0000000008002620      0x210 ./Drivers/STM32F1xx_HAL_Driver/Src/stm32f1xx_hal_tim.o
                0x0000000008002620                HAL_TIM_IRQHandler
 .text.HAL_TIM_ConfigClockSource
                0x0000000008002830      0x18e ./Drivers/STM32F1xx_HAL_Driver/Src/stm32f1xx_hal_tim.o
                0x0000000008002830                HAL_TIM_ConfigClockSource
 .text.HAL_TIM_OC_DelayElapsedCallback
                0x00000000080029be       0x12 ./Drivers/STM32F1xx_HAL_Driver/Src/stm32f1xx_hal_tim.o
                0x00000000080029be                HAL_TIM_OC_DelayElapsedCallback
 .text.HAL_TIM_IC_CaptureCallback
                0x00000000080029d0       0x12 ./Drivers/STM32F1xx_HAL_Driver/Src/stm32f1xx_hal_tim.o
                0x00000000080029d0                HAL_TIM_IC_CaptureCallback
 .text.HAL_TIM_PWM_PulseFinishedCallback
                0x00000000080029e2       0x12 ./Drivers/STM32F1xx_HAL_Driver/Src/stm32f1xx_hal_tim.o
                0x00000000080029e2                HAL_TIM_PWM_PulseFinishedCallback
 .text.HAL_TIM_TriggerCallback
                0x00000000080029f4       0x12 ./Drivers/STM32F1xx_HAL_Driver/Src/stm32f1xx_hal_tim.o
                0x00000000080029f4                HAL_TIM_TriggerCallback
 *fill*         0x0000000008002a06        0x2 
 .text.TIM_Base_SetConfig
                0x0000000008002a08       0xb0 ./Drivers/STM32F1xx_HAL_Driver/Src/stm32f1xx_hal_tim.o
                0x0000000008002a08                TIM_Base_SetConfig
 .text.TIM_TI1_ConfigInputStage
                0x0000000008002ab8       0x5c ./Drivers/STM32F1xx_HAL_Driver/Src/stm32f1xx_hal_tim.o
 .text.TIM_TI2_ConfigInputStage
                0x0000000008002b14       0x5e ./Drivers/STM32F1xx_HAL_Driver/Src/stm32f1xx_hal_tim.o
 .text.TIM_ITRx_SetConfig
                0x0000000008002b72       0x34 ./Drivers/STM32F1xx_HAL_Driver/Src/stm32f1xx_hal_tim.o
 .text.TIM_ETR_SetConfig
                0x0000000008002ba6       0x3e ./Drivers/STM32F1xx_HAL_Driver/Src/stm32f1xx_hal_tim.o
                0x0000000008002ba6                TIM_ETR_SetConfig
 .text.HAL_TIMEx_MasterConfigSynchronization
                0x0000000008002be4       0xb0 ./Drivers/STM32F1xx_HAL_Driver/Src/stm32f1xx_hal_tim_ex.o
                0x0000000008002be4                HAL_TIMEx_MasterConfigSynchronization
 .text.HAL_TIMEx_CommutCallback
                0x0000000008002c94       0x12 ./Drivers/STM32F1xx_HAL_Driver/Src/stm32f1xx_hal_tim_ex.o
                0x0000000008002c94                HAL_TIMEx_CommutCallback
 .text.HAL_TIMEx_BreakCallback
                0x0000000008002ca6       0x12 ./Drivers/STM32F1xx_HAL_Driver/Src/stm32f1xx_hal_tim_ex.o
                0x0000000008002ca6                HAL_TIMEx_BreakCallback
 .text.__libc_init_array
                0x0000000008002cb8       0x48 c:/st/stm32cubeide_1.7.0/stm32cubeide/plugins/com.st.stm32cube.ide.mcu.externaltools.gnu-tools-for-stm32.9-2020-q2-update.win32_2.0.0.202105311346/tools/bin/../lib/gcc/arm-none-eabi/9.3.1/../../../../arm-none-eabi/lib/thumb/v7-m/nofp\libc_nano.a(lib_a-init.o)
                0x0000000008002cb8                __libc_init_array
 .text.memset   0x0000000008002d00       0x10 c:/st/stm32cubeide_1.7.0/stm32cubeide/plugins/com.st.stm32cube.ide.mcu.externaltools.gnu-tools-for-stm32.9-2020-q2-update.win32_2.0.0.202105311346/tools/bin/../lib/gcc/arm-none-eabi/9.3.1/../../../../arm-none-eabi/lib/thumb/v7-m/nofp\libc_nano.a(lib_a-memset.o)
                0x0000000008002d00                memset
 *(.glue_7)
 .glue_7        0x0000000008002d10        0x0 linker stubs
 *(.glue_7t)
 .glue_7t       0x0000000008002d10        0x0 linker stubs
 *(.eh_frame)
 .eh_frame      0x0000000008002d10        0x0 c:/st/stm32cubeide_1.7.0/stm32cubeide/plugins/com.st.stm32cube.ide.mcu.externaltools.gnu-tools-for-stm32.9-2020-q2-update.win32_2.0.0.202105311346/tools/bin/../lib/gcc/arm-none-eabi/9.3.1/thumb/v7-m/nofp/crtbegin.o
 *(.init)
 .init          0x0000000008002d10        0x4 c:/st/stm32cubeide_1.7.0/stm32cubeide/plugins/com.st.stm32cube.ide.mcu.externaltools.gnu-tools-for-stm32.9-2020-q2-update.win32_2.0.0.202105311346/tools/bin/../lib/gcc/arm-none-eabi/9.3.1/thumb/v7-m/nofp/crti.o
                0x0000000008002d10                _init
 .init          0x0000000008002d14        0x8 c:/st/stm32cubeide_1.7.0/stm32cubeide/plugins/com.st.stm32cube.ide.mcu.externaltools.gnu-tools-for-stm32.9-2020-q2-update.win32_2.0.0.202105311346/tools/bin/../lib/gcc/arm-none-eabi/9.3.1/thumb/v7-m/nofp/crtn.o
 *(.fini)
 .fini          0x0000000008002d1c        0x4 c:/st/stm32cubeide_1.7.0/stm32cubeide/plugins/com.st.stm32cube.ide.mcu.externaltools.gnu-tools-for-stm32.9-2020-q2-update.win32_2.0.0.202105311346/tools/bin/../lib/gcc/arm-none-eabi/9.3.1/thumb/v7-m/nofp/crti.o
                0x0000000008002d1c                _fini
 .fini          0x0000000008002d20        0x8 c:/st/stm32cubeide_1.7.0/stm32cubeide/plugins/com.st.stm32cube.ide.mcu.externaltools.gnu-tools-for-stm32.9-2020-q2-update.win32_2.0.0.202105311346/tools/bin/../lib/gcc/arm-none-eabi/9.3.1/thumb/v7-m/nofp/crtn.o
                0x0000000008002d28                . = ALIGN (0x4)
                0x0000000008002d28                _etext = .

.vfp11_veneer   0x0000000008002d28        0x0
 .vfp11_veneer  0x0000000008002d28        0x0 linker stubs

.v4_bx          0x0000000008002d28        0x0
 .v4_bx         0x0000000008002d28        0x0 linker stubs

.iplt           0x0000000008002d28        0x0
 .iplt          0x0000000008002d28        0x0 c:/st/stm32cubeide_1.7.0/stm32cubeide/plugins/com.st.stm32cube.ide.mcu.externaltools.gnu-tools-for-stm32.9-2020-q2-update.win32_2.0.0.202105311346/tools/bin/../lib/gcc/arm-none-eabi/9.3.1/thumb/v7-m/nofp/crtbegin.o

.rodata         0x0000000008002d28       0x24
                0x0000000008002d28                . = ALIGN (0x4)
 *(.rodata)
 *(.rodata*)
 .rodata.AHBPrescTable
                0x0000000008002d28       0x10 ./Core/Src/system_stm32f1xx.o
                0x0000000008002d28                AHBPrescTable
 .rodata.aPLLMULFactorTable.6032
                0x0000000008002d38       0x10 ./Drivers/STM32F1xx_HAL_Driver/Src/stm32f1xx_hal_rcc.o
 .rodata.aPredivFactorTable.6033
                0x0000000008002d48        0x2 ./Drivers/STM32F1xx_HAL_Driver/Src/stm32f1xx_hal_rcc.o
                0x0000000008002d4c                . = ALIGN (0x4)
 *fill*         0x0000000008002d4a        0x2 

.rel.dyn        0x0000000008002d4c        0x0
 .rel.iplt      0x0000000008002d4c        0x0 c:/st/stm32cubeide_1.7.0/stm32cubeide/plugins/com.st.stm32cube.ide.mcu.externaltools.gnu-tools-for-stm32.9-2020-q2-update.win32_2.0.0.202105311346/tools/bin/../lib/gcc/arm-none-eabi/9.3.1/thumb/v7-m/nofp/crtbegin.o

.ARM.extab      0x0000000008002d4c        0x0
                0x0000000008002d4c                . = ALIGN (0x4)
 *(.ARM.extab* .gnu.linkonce.armextab.*)
                0x0000000008002d4c                . = ALIGN (0x4)

.ARM            0x0000000008002d4c        0x0
                0x0000000008002d4c                . = ALIGN (0x4)
                0x0000000008002d4c                __exidx_start = .
 *(.ARM.exidx*)
                0x0000000008002d4c                __exidx_end = .
                0x0000000008002d4c                . = ALIGN (0x4)

.preinit_array  0x0000000008002d4c        0x0
                0x0000000008002d4c                . = ALIGN (0x4)
                0x0000000008002d4c                PROVIDE (__preinit_array_start = .)
 *(.preinit_array*)
                0x0000000008002d4c                PROVIDE (__preinit_array_end = .)
                0x0000000008002d4c                . = ALIGN (0x4)

.init_array     0x0000000008002d4c        0x4
                0x0000000008002d4c                . = ALIGN (0x4)
                0x0000000008002d4c                PROVIDE (__init_array_start = .)
 *(SORT_BY_NAME(.init_array.*))
 *(.init_array*)
 .init_array    0x0000000008002d4c        0x4 c:/st/stm32cubeide_1.7.0/stm32cubeide/plugins/com.st.stm32cube.ide.mcu.externaltools.gnu-tools-for-stm32.9-2020-q2-update.win32_2.0.0.202105311346/tools/bin/../lib/gcc/arm-none-eabi/9.3.1/thumb/v7-m/nofp/crtbegin.o
                0x0000000008002d50                PROVIDE (__init_array_end = .)
                0x0000000008002d50                . = ALIGN (0x4)

.fini_array     0x0000000008002d50        0x4
                0x0000000008002d50                . = ALIGN (0x4)
                [!provide]                        PROVIDE (__fini_array_start = .)
 *(SORT_BY_NAME(.fini_array.*))
 *(.fini_array*)
 .fini_array    0x0000000008002d50        0x4 c:/st/stm32cubeide_1.7.0/stm32cubeide/plugins/com.st.stm32cube.ide.mcu.externaltools.gnu-tools-for-stm32.9-2020-q2-update.win32_2.0.0.202105311346/tools/bin/../lib/gcc/arm-none-eabi/9.3.1/thumb/v7-m/nofp/crtbegin.o
                [!provide]                        PROVIDE (__fini_array_end = .)
                0x0000000008002d54                . = ALIGN (0x4)
                0x0000000008002d54                _sidata = LOADADDR (.data)

.data           0x0000000020000000       0x1c load address 0x0000000008002d54
                0x0000000020000000                . = ALIGN (0x4)
                0x0000000020000000                _sdata = .
 *(.data)
 *(.data*)
 .data.mode     0x0000000020000000        0x4 ./Core/Src/global.o
                0x0000000020000000                mode
 .data.count1   0x0000000020000004        0x4 ./Core/Src/led_display.o
                0x0000000020000004                count1
 .data.count2   0x0000000020000008        0x4 ./Core/Src/led_display.o
                0x0000000020000008                count2
 .data.state2   0x000000002000000c        0x1 ./Core/Src/led_display.o
                0x000000002000000c                state2
 *fill*         0x000000002000000d        0x3 
 .data.SystemCoreClock
                0x0000000020000010        0x4 ./Core/Src/system_stm32f1xx.o
                0x0000000020000010                SystemCoreClock
 .data.uwTickPrio
                0x0000000020000014        0x4 ./Drivers/STM32F1xx_HAL_Driver/Src/stm32f1xx_hal.o
                0x0000000020000014                uwTickPrio
 .data.uwTickFreq
                0x0000000020000018        0x1 ./Drivers/STM32F1xx_HAL_Driver/Src/stm32f1xx_hal.o
                0x0000000020000018                uwTickFreq
 *(.RamFunc)
 *(.RamFunc*)
                0x000000002000001c                . = ALIGN (0x4)
 *fill*         0x0000000020000019        0x3 
                0x000000002000001c                _edata = .

.igot.plt       0x000000002000001c        0x0 load address 0x0000000008002d70
 .igot.plt      0x000000002000001c        0x0 c:/st/stm32cubeide_1.7.0/stm32cubeide/plugins/com.st.stm32cube.ide.mcu.externaltools.gnu-tools-for-stm32.9-2020-q2-update.win32_2.0.0.202105311346/tools/bin/../lib/gcc/arm-none-eabi/9.3.1/thumb/v7-m/nofp/crtbegin.o
                0x000000002000001c                . = ALIGN (0x4)

.bss            0x000000002000001c       0xd0 load address 0x0000000008002d70
                0x000000002000001c                _sbss = .
                0x000000002000001c                __bss_start__ = _sbss
 *(.bss)
 .bss           0x000000002000001c       0x1c c:/st/stm32cubeide_1.7.0/stm32cubeide/plugins/com.st.stm32cube.ide.mcu.externaltools.gnu-tools-for-stm32.9-2020-q2-update.win32_2.0.0.202105311346/tools/bin/../lib/gcc/arm-none-eabi/9.3.1/thumb/v7-m/nofp/crtbegin.o
 *(.bss*)
 .bss.buttonState
                0x0000000020000038        0x3 ./Core/Src/input_processing.o
                0x0000000020000038                buttonState
 *fill*         0x000000002000003b        0x1 
 .bss.buttonBuffer
                0x000000002000003c        0x3 ./Core/Src/input_reading.o
 *fill*         0x000000002000003f        0x1 
 .bss.debounceButtonBufer1
                0x0000000020000040        0x3 ./Core/Src/input_reading.o
 *fill*         0x0000000020000043        0x1 
 .bss.debounceButtonBufer2
                0x0000000020000044        0x3 ./Core/Src/input_reading.o
 *fill*         0x0000000020000047        0x1 
 .bss.debounceButtonBufer3
                0x0000000020000048        0x3 ./Core/Src/input_reading.o
 *fill*         0x000000002000004b        0x1 
 .bss.flagForButtonPress1s
                0x000000002000004c        0x3 ./Core/Src/input_reading.o
 *fill*         0x000000002000004f        0x1 
 .bss.flagForButtonHold
                0x0000000020000050        0x3 ./Core/Src/input_reading.o
 *fill*         0x0000000020000053        0x1 
 .bss.counterForButtonPress1s
                0x0000000020000054        0x6 ./Core/Src/input_reading.o
 *fill*         0x000000002000005a        0x2 
 .bss.counterForButtonHold
                0x000000002000005c        0x6 ./Core/Src/input_reading.o
 .bss.state1    0x0000000020000062        0x1 ./Core/Src/led_display.o
                0x0000000020000062                state1
 *fill*         0x0000000020000063        0x1 
 .bss.scan_index.6046
                0x0000000020000064        0x4 ./Core/Src/led_display.o
 .bss.timer0_counter
                0x0000000020000068        0x4 ./Core/Src/timer.o
                0x0000000020000068                timer0_counter
 .bss.timer0_flag
                0x000000002000006c        0x4 ./Core/Src/timer.o
                0x000000002000006c                timer0_flag
 .bss.timer1_counter
                0x0000000020000070        0x4 ./Core/Src/timer.o
                0x0000000020000070                timer1_counter
 .bss.timer1_flag
                0x0000000020000074        0x4 ./Core/Src/timer.o
                0x0000000020000074                timer1_flag
 .bss.timer2_counter
                0x0000000020000078        0x4 ./Core/Src/timer.o
                0x0000000020000078                timer2_counter
 .bss.timer2_flag
                0x000000002000007c        0x4 ./Core/Src/timer.o
                0x000000002000007c                timer2_flag
 .bss.timer3_counter
                0x0000000020000080        0x4 ./Core/Src/timer.o
                0x0000000020000080                timer3_counter
 .bss.timer3_flag
                0x0000000020000084        0x4 ./Core/Src/timer.o
                0x0000000020000084                timer3_flag
 *(COMMON)
 COMMON         0x0000000020000088       0x18 ./Core/Src/global.o
                0x0000000020000088                red_value
                0x000000002000008c                yellow_draft
                0x0000000020000090                green_value
                0x0000000020000094                green_draft
                0x0000000020000098                yellow_value
                0x000000002000009c                red_draft
 COMMON         0x00000000200000a0       0x48 ./Core/Src/main.o
                0x00000000200000a0                htim2
 COMMON         0x00000000200000e8        0x4 ./Drivers/STM32F1xx_HAL_Driver/Src/stm32f1xx_hal.o
                0x00000000200000e8                uwTick
                0x00000000200000ec                . = ALIGN (0x4)
                0x00000000200000ec                _ebss = .
                0x00000000200000ec                __bss_end__ = _ebss

._user_heap_stack
                0x00000000200000ec      0x604 load address 0x0000000008002d70
                0x00000000200000f0                . = ALIGN (0x8)
 *fill*         0x00000000200000ec        0x4 
                [!provide]                        PROVIDE (end = .)
                0x00000000200000f0                PROVIDE (_end = .)
                0x00000000200002f0                . = (. + _Min_Heap_Size)
 *fill*         0x00000000200000f0      0x200 
                0x00000000200006f0                . = (. + _Min_Stack_Size)
 *fill*         0x00000000200002f0      0x400 
                0x00000000200006f0                . = ALIGN (0x8)

/DISCARD/
 libc.a(*)
 libm.a(*)
 libgcc.a(*)

.ARM.attributes
                0x0000000000000000       0x29
 *(.ARM.attributes)
 .ARM.attributes
                0x0000000000000000       0x1d c:/st/stm32cubeide_1.7.0/stm32cubeide/plugins/com.st.stm32cube.ide.mcu.externaltools.gnu-tools-for-stm32.9-2020-q2-update.win32_2.0.0.202105311346/tools/bin/../lib/gcc/arm-none-eabi/9.3.1/thumb/v7-m/nofp/crti.o
 .ARM.attributes
                0x000000000000001d       0x2d c:/st/stm32cubeide_1.7.0/stm32cubeide/plugins/com.st.stm32cube.ide.mcu.externaltools.gnu-tools-for-stm32.9-2020-q2-update.win32_2.0.0.202105311346/tools/bin/../lib/gcc/arm-none-eabi/9.3.1/thumb/v7-m/nofp/crtbegin.o
 .ARM.attributes
                0x000000000000004a       0x2d ./Core/Src/global.o
 .ARM.attributes
                0x0000000000000077       0x2d ./Core/Src/input_processing.o
 .ARM.attributes
                0x00000000000000a4       0x2d ./Core/Src/input_reading.o
 .ARM.attributes
                0x00000000000000d1       0x2d ./Core/Src/led_display.o
 .ARM.attributes
                0x00000000000000fe       0x2d ./Core/Src/main.o
 .ARM.attributes
                0x000000000000012b       0x2d ./Core/Src/stm32f1xx_hal_msp.o
 .ARM.attributes
                0x0000000000000158       0x2d ./Core/Src/stm32f1xx_it.o
 .ARM.attributes
                0x0000000000000185       0x2d ./Core/Src/system_stm32f1xx.o
 .ARM.attributes
                0x00000000000001b2       0x2d ./Core/Src/timer.o
 .ARM.attributes
                0x00000000000001df       0x21 ./Core/Startup/startup_stm32f103c6ux.o
 .ARM.attributes
                0x0000000000000200       0x2d ./Drivers/STM32F1xx_HAL_Driver/Src/stm32f1xx_hal.o
 .ARM.attributes
                0x000000000000022d       0x2d ./Drivers/STM32F1xx_HAL_Driver/Src/stm32f1xx_hal_cortex.o
 .ARM.attributes
                0x000000000000025a       0x2d ./Drivers/STM32F1xx_HAL_Driver/Src/stm32f1xx_hal_gpio.o
 .ARM.attributes
                0x0000000000000287       0x2d ./Drivers/STM32F1xx_HAL_Driver/Src/stm32f1xx_hal_rcc.o
 .ARM.attributes
                0x00000000000002b4       0x2d ./Drivers/STM32F1xx_HAL_Driver/Src/stm32f1xx_hal_tim.o
 .ARM.attributes
                0x00000000000002e1       0x2d ./Drivers/STM32F1xx_HAL_Driver/Src/stm32f1xx_hal_tim_ex.o
 .ARM.attributes
                0x000000000000030e       0x2d c:/st/stm32cubeide_1.7.0/stm32cubeide/plugins/com.st.stm32cube.ide.mcu.externaltools.gnu-tools-for-stm32.9-2020-q2-update.win32_2.0.0.202105311346/tools/bin/../lib/gcc/arm-none-eabi/9.3.1/../../../../arm-none-eabi/lib/thumb/v7-m/nofp\libc_nano.a(lib_a-init.o)
 .ARM.attributes
                0x000000000000033b       0x2d c:/st/stm32cubeide_1.7.0/stm32cubeide/plugins/com.st.stm32cube.ide.mcu.externaltools.gnu-tools-for-stm32.9-2020-q2-update.win32_2.0.0.202105311346/tools/bin/../lib/gcc/arm-none-eabi/9.3.1/../../../../arm-none-eabi/lib/thumb/v7-m/nofp\libc_nano.a(lib_a-memset.o)
 .ARM.attributes
                0x0000000000000368       0x1d c:/st/stm32cubeide_1.7.0/stm32cubeide/plugins/com.st.stm32cube.ide.mcu.externaltools.gnu-tools-for-stm32.9-2020-q2-update.win32_2.0.0.202105311346/tools/bin/../lib/gcc/arm-none-eabi/9.3.1/thumb/v7-m/nofp/crtn.o
OUTPUT(lab3.elf elf32-littlearm)
LOAD linker stubs
LOAD c:/st/stm32cubeide_1.7.0/stm32cubeide/plugins/com.st.stm32cube.ide.mcu.externaltools.gnu-tools-for-stm32.9-2020-q2-update.win32_2.0.0.202105311346/tools/bin/../lib/gcc/arm-none-eabi/9.3.1/../../../../arm-none-eabi/lib/thumb/v7-m/nofp\libc.a
LOAD c:/st/stm32cubeide_1.7.0/stm32cubeide/plugins/com.st.stm32cube.ide.mcu.externaltools.gnu-tools-for-stm32.9-2020-q2-update.win32_2.0.0.202105311346/tools/bin/../lib/gcc/arm-none-eabi/9.3.1/../../../../arm-none-eabi/lib/thumb/v7-m/nofp\libm.a
LOAD c:/st/stm32cubeide_1.7.0/stm32cubeide/plugins/com.st.stm32cube.ide.mcu.externaltools.gnu-tools-for-stm32.9-2020-q2-update.win32_2.0.0.202105311346/tools/bin/../lib/gcc/arm-none-eabi/9.3.1/thumb/v7-m/nofp\libgcc.a

.debug_info     0x0000000000000000     0x9857
 .debug_info    0x0000000000000000      0x10f ./Core/Src/global.o
 .debug_info    0x000000000000010f      0x277 ./Core/Src/input_processing.o
 .debug_info    0x0000000000000386      0x3f5 ./Core/Src/input_reading.o
 .debug_info    0x000000000000077b      0x39d ./Core/Src/led_display.o
 .debug_info    0x0000000000000b18      0xbbb ./Core/Src/main.o
 .debug_info    0x00000000000016d3      0xa09 ./Core/Src/stm32f1xx_hal_msp.o
 .debug_info    0x00000000000020dc      0x7b9 ./Core/Src/stm32f1xx_it.o
 .debug_info    0x0000000000002895      0x2be ./Core/Src/system_stm32f1xx.o
 .debug_info    0x0000000000002b53      0x8b3 ./Core/Src/timer.o
 .debug_info    0x0000000000003406       0x22 ./Core/Startup/startup_stm32f103c6ux.o
 .debug_info    0x0000000000003428      0x74c ./Drivers/STM32F1xx_HAL_Driver/Src/stm32f1xx_hal.o
 .debug_info    0x0000000000003b74      0xbbe ./Drivers/STM32F1xx_HAL_Driver/Src/stm32f1xx_hal_cortex.o
 .debug_info    0x0000000000004732      0x701 ./Drivers/STM32F1xx_HAL_Driver/Src/stm32f1xx_hal_gpio.o
 .debug_info    0x0000000000004e33      0x893 ./Drivers/STM32F1xx_HAL_Driver/Src/stm32f1xx_hal_rcc.o
 .debug_info    0x00000000000056c6     0x2c12 ./Drivers/STM32F1xx_HAL_Driver/Src/stm32f1xx_hal_tim.o
 .debug_info    0x00000000000082d8     0x157f ./Drivers/STM32F1xx_HAL_Driver/Src/stm32f1xx_hal_tim_ex.o

.debug_abbrev   0x0000000000000000     0x1b77
 .debug_abbrev  0x0000000000000000       0x76 ./Core/Src/global.o
 .debug_abbrev  0x0000000000000076      0x11d ./Core/Src/input_processing.o
 .debug_abbrev  0x0000000000000193      0x188 ./Core/Src/input_reading.o
 .debug_abbrev  0x000000000000031b      0x1ab ./Core/Src/led_display.o
 .debug_abbrev  0x00000000000004c6      0x21b ./Core/Src/main.o
 .debug_abbrev  0x00000000000006e1      0x1b7 ./Core/Src/stm32f1xx_hal_msp.o
 .debug_abbrev  0x0000000000000898      0x176 ./Core/Src/stm32f1xx_it.o
 .debug_abbrev  0x0000000000000a0e      0x14e ./Core/Src/system_stm32f1xx.o
 .debug_abbrev  0x0000000000000b5c      0x1ea ./Core/Src/timer.o
 .debug_abbrev  0x0000000000000d46       0x12 ./Core/Startup/startup_stm32f103c6ux.o
 .debug_abbrev  0x0000000000000d58      0x1ed ./Drivers/STM32F1xx_HAL_Driver/Src/stm32f1xx_hal.o
 .debug_abbrev  0x0000000000000f45      0x313 ./Drivers/STM32F1xx_HAL_Driver/Src/stm32f1xx_hal_cortex.o
 .debug_abbrev  0x0000000000001258      0x1e8 ./Drivers/STM32F1xx_HAL_Driver/Src/stm32f1xx_hal_gpio.o
 .debug_abbrev  0x0000000000001440      0x273 ./Drivers/STM32F1xx_HAL_Driver/Src/stm32f1xx_hal_rcc.o
 .debug_abbrev  0x00000000000016b3      0x25e ./Drivers/STM32F1xx_HAL_Driver/Src/stm32f1xx_hal_tim.o
 .debug_abbrev  0x0000000000001911      0x266 ./Drivers/STM32F1xx_HAL_Driver/Src/stm32f1xx_hal_tim_ex.o

.debug_aranges  0x0000000000000000      0xa88
 .debug_aranges
                0x0000000000000000       0x28 ./Core/Src/global.o
 .debug_aranges
                0x0000000000000028       0x38 ./Core/Src/input_processing.o
 .debug_aranges
                0x0000000000000060       0x48 ./Core/Src/input_reading.o
 .debug_aranges
                0x00000000000000a8       0x50 ./Core/Src/led_display.o
 .debug_aranges
                0x00000000000000f8       0x40 ./Core/Src/main.o
 .debug_aranges
                0x0000000000000138       0x30 ./Core/Src/stm32f1xx_hal_msp.o
 .debug_aranges
                0x0000000000000168       0x68 ./Core/Src/stm32f1xx_it.o
 .debug_aranges
                0x00000000000001d0       0x28 ./Core/Src/system_stm32f1xx.o
 .debug_aranges
                0x00000000000001f8       0x68 ./Core/Src/timer.o
 .debug_aranges
                0x0000000000000260       0x28 ./Core/Startup/startup_stm32f103c6ux.o
 .debug_aranges
                0x0000000000000288       0xe0 ./Drivers/STM32F1xx_HAL_Driver/Src/stm32f1xx_hal.o
 .debug_aranges
                0x0000000000000368      0x100 ./Drivers/STM32F1xx_HAL_Driver/Src/stm32f1xx_hal_cortex.o
 .debug_aranges
                0x0000000000000468       0x58 ./Drivers/STM32F1xx_HAL_Driver/Src/stm32f1xx_hal_gpio.o
 .debug_aranges
                0x00000000000004c0       0x90 ./Drivers/STM32F1xx_HAL_Driver/Src/stm32f1xx_hal_rcc.o
 .debug_aranges
                0x0000000000000550      0x3d0 ./Drivers/STM32F1xx_HAL_Driver/Src/stm32f1xx_hal_tim.o
 .debug_aranges
                0x0000000000000920      0x168 ./Drivers/STM32F1xx_HAL_Driver/Src/stm32f1xx_hal_tim_ex.o

.debug_ranges   0x0000000000000000      0x990
 .debug_ranges  0x0000000000000000       0x18 ./Core/Src/global.o
 .debug_ranges  0x0000000000000018       0x28 ./Core/Src/input_processing.o
 .debug_ranges  0x0000000000000040       0x38 ./Core/Src/input_reading.o
 .debug_ranges  0x0000000000000078       0x40 ./Core/Src/led_display.o
 .debug_ranges  0x00000000000000b8       0x30 ./Core/Src/main.o
 .debug_ranges  0x00000000000000e8       0x20 ./Core/Src/stm32f1xx_hal_msp.o
 .debug_ranges  0x0000000000000108       0x58 ./Core/Src/stm32f1xx_it.o
 .debug_ranges  0x0000000000000160       0x18 ./Core/Src/system_stm32f1xx.o
 .debug_ranges  0x0000000000000178       0x58 ./Core/Src/timer.o
 .debug_ranges  0x00000000000001d0       0x20 ./Core/Startup/startup_stm32f103c6ux.o
 .debug_ranges  0x00000000000001f0       0xd0 ./Drivers/STM32F1xx_HAL_Driver/Src/stm32f1xx_hal.o
 .debug_ranges  0x00000000000002c0       0xf0 ./Drivers/STM32F1xx_HAL_Driver/Src/stm32f1xx_hal_cortex.o
 .debug_ranges  0x00000000000003b0       0x48 ./Drivers/STM32F1xx_HAL_Driver/Src/stm32f1xx_hal_gpio.o
 .debug_ranges  0x00000000000003f8       0x80 ./Drivers/STM32F1xx_HAL_Driver/Src/stm32f1xx_hal_rcc.o
 .debug_ranges  0x0000000000000478      0x3c0 ./Drivers/STM32F1xx_HAL_Driver/Src/stm32f1xx_hal_tim.o
 .debug_ranges  0x0000000000000838      0x158 ./Drivers/STM32F1xx_HAL_Driver/Src/stm32f1xx_hal_tim_ex.o

.debug_macro    0x0000000000000000    0x16ad8
 .debug_macro   0x0000000000000000       0x1a ./Core/Src/global.o
 .debug_macro   0x000000000000001a      0xa9c ./Core/Src/global.o
 .debug_macro   0x0000000000000ab6       0x1c ./Core/Src/global.o
 .debug_macro   0x0000000000000ad2      0x1e1 ./Core/Src/input_processing.o
 .debug_macro   0x0000000000000cb3      0x215 ./Core/Src/input_processing.o
 .debug_macro   0x0000000000000ec8       0x2e ./Core/Src/input_processing.o
 .debug_macro   0x0000000000000ef6       0x22 ./Core/Src/input_processing.o
 .debug_macro   0x0000000000000f18       0x22 ./Core/Src/input_processing.o
 .debug_macro   0x0000000000000f3a       0x8e ./Core/Src/input_processing.o
 .debug_macro   0x0000000000000fc8       0x51 ./Core/Src/input_processing.o
 .debug_macro   0x0000000000001019      0x103 ./Core/Src/input_processing.o
 .debug_macro   0x000000000000111c       0x6a ./Core/Src/input_processing.o
 .debug_macro   0x0000000000001186      0x1df ./Core/Src/input_processing.o
 .debug_macro   0x0000000000001365       0x1c ./Core/Src/input_processing.o
 .debug_macro   0x0000000000001381       0x22 ./Core/Src/input_processing.o
 .debug_macro   0x00000000000013a3       0xc3 ./Core/Src/input_processing.o
 .debug_macro   0x0000000000001466      0xd23 ./Core/Src/input_processing.o
 .debug_macro   0x0000000000002189     0xde75 ./Core/Src/input_processing.o
 .debug_macro   0x000000000000fffe       0x6d ./Core/Src/input_processing.o
 .debug_macro   0x000000000001006b     0x348d ./Core/Src/input_processing.o
 .debug_macro   0x00000000000134f8      0x174 ./Core/Src/input_processing.o
 .debug_macro   0x000000000001366c       0x5c ./Core/Src/input_processing.o
 .debug_macro   0x00000000000136c8      0x5bc ./Core/Src/input_processing.o
 .debug_macro   0x0000000000013c84      0x1b7 ./Core/Src/input_processing.o
 .debug_macro   0x0000000000013e3b      0x1cb ./Core/Src/input_processing.o
 .debug_macro   0x0000000000014006      0x114 ./Core/Src/input_processing.o
 .debug_macro   0x000000000001411a      0x1b2 ./Core/Src/input_processing.o
 .debug_macro   0x00000000000142cc       0x27 ./Core/Src/input_processing.o
 .debug_macro   0x00000000000142f3      0x12f ./Core/Src/input_processing.o
 .debug_macro   0x0000000000014422      0x1bc ./Core/Src/input_processing.o
 .debug_macro   0x00000000000145de       0x34 ./Core/Src/input_processing.o
 .debug_macro   0x0000000000014612       0x3c ./Core/Src/input_processing.o
 .debug_macro   0x000000000001464e       0x57 ./Core/Src/input_processing.o
 .debug_macro   0x00000000000146a5       0x87 ./Core/Src/input_processing.o
 .debug_macro   0x000000000001472c      0x183 ./Core/Src/input_processing.o
 .debug_macro   0x00000000000148af      0x140 ./Core/Src/input_processing.o
 .debug_macro   0x00000000000149ef      0x8ed ./Core/Src/input_processing.o
 .debug_macro   0x00000000000152dc       0x69 ./Core/Src/input_processing.o
 .debug_macro   0x0000000000015345      0x10c ./Core/Src/input_processing.o
 .debug_macro   0x0000000000015451      0x1e2 ./Core/Src/input_reading.o
 .debug_macro   0x0000000000015633      0x1d7 ./Core/Src/led_display.o
 .debug_macro   0x000000000001580a      0x1f1 ./Core/Src/main.o
 .debug_macro   0x00000000000159fb      0x1a6 ./Core/Src/stm32f1xx_hal_msp.o
 .debug_macro   0x0000000000015ba1      0x1b0 ./Core/Src/stm32f1xx_it.o
 .debug_macro   0x0000000000015d51      0x197 ./Core/Src/system_stm32f1xx.o
 .debug_macro   0x0000000000015ee8      0x1c4 ./Core/Src/timer.o
 .debug_macro   0x00000000000160ac      0x1bb ./Drivers/STM32F1xx_HAL_Driver/Src/stm32f1xx_hal.o
 .debug_macro   0x0000000000016267      0x197 ./Drivers/STM32F1xx_HAL_Driver/Src/stm32f1xx_hal_cortex.o
 .debug_macro   0x00000000000163fe      0x202 ./Drivers/STM32F1xx_HAL_Driver/Src/stm32f1xx_hal_gpio.o
 .debug_macro   0x0000000000016600      0x1a9 ./Drivers/STM32F1xx_HAL_Driver/Src/stm32f1xx_hal_rcc.o
 .debug_macro   0x00000000000167a9      0x198 ./Drivers/STM32F1xx_HAL_Driver/Src/stm32f1xx_hal_tim.o
 .debug_macro   0x0000000000016941      0x197 ./Drivers/STM32F1xx_HAL_Driver/Src/stm32f1xx_hal_tim_ex.o

.debug_line     0x0000000000000000     0xb48a
 .debug_line    0x0000000000000000       0x87 ./Core/Src/global.o
 .debug_line    0x0000000000000087      0x832 ./Core/Src/input_processing.o
 .debug_line    0x00000000000008b9      0x7e6 ./Core/Src/input_reading.o
 .debug_line    0x000000000000109f      0x8f2 ./Core/Src/led_display.o
 .debug_line    0x0000000000001991      0x7ce ./Core/Src/main.o
 .debug_line    0x000000000000215f      0x6a1 ./Core/Src/stm32f1xx_hal_msp.o
 .debug_line    0x0000000000002800      0x73f ./Core/Src/stm32f1xx_it.o
 .debug_line    0x0000000000002f3f      0x6e3 ./Core/Src/system_stm32f1xx.o
 .debug_line    0x0000000000003622      0x7af ./Core/Src/timer.o
 .debug_line    0x0000000000003dd1       0x86 ./Core/Startup/startup_stm32f103c6ux.o
 .debug_line    0x0000000000003e57      0x910 ./Drivers/STM32F1xx_HAL_Driver/Src/stm32f1xx_hal.o
 .debug_line    0x0000000000004767      0xaf8 ./Drivers/STM32F1xx_HAL_Driver/Src/stm32f1xx_hal_cortex.o
 .debug_line    0x000000000000525f      0x993 ./Drivers/STM32F1xx_HAL_Driver/Src/stm32f1xx_hal_gpio.o
 .debug_line    0x0000000000005bf2      0xd1c ./Drivers/STM32F1xx_HAL_Driver/Src/stm32f1xx_hal_rcc.o
 .debug_line    0x000000000000690e     0x3346 ./Drivers/STM32F1xx_HAL_Driver/Src/stm32f1xx_hal_tim.o
 .debug_line    0x0000000000009c54     0x1836 ./Drivers/STM32F1xx_HAL_Driver/Src/stm32f1xx_hal_tim_ex.o

.debug_str      0x0000000000000000    0x824f2
 .debug_str     0x0000000000000000     0x2e0f ./Core/Src/global.o
 .debug_str     0x0000000000002e0f    0x7ca6d ./Core/Src/input_processing.o
                                      0x7fb79 (size before relaxing)
 .debug_str     0x000000000007f87c      0x1e6 ./Core/Src/input_reading.o
                                      0x7fc33 (size before relaxing)
 .debug_str     0x000000000007fa62       0xb2 ./Core/Src/led_display.o
                                      0x7fb9b (size before relaxing)
 .debug_str     0x000000000007fb14      0x6bc ./Core/Src/main.o
                                      0x8026c (size before relaxing)
 .debug_str     0x00000000000801d0      0x2ba ./Core/Src/stm32f1xx_hal_msp.o
                                      0x80205 (size before relaxing)
 .debug_str     0x000000000008048a       0xcd ./Core/Src/stm32f1xx_it.o
                                      0x7ff67 (size before relaxing)
 .debug_str     0x0000000000080557       0x52 ./Core/Src/system_stm32f1xx.o
                                      0x7f6e2 (size before relaxing)
 .debug_str     0x00000000000805a9       0xee ./Core/Src/timer.o
                                      0x7ffe2 (size before relaxing)
 .debug_str     0x0000000000080697       0x36 ./Core/Startup/startup_stm32f103c6ux.o
                                         0x71 (size before relaxing)
 .debug_str     0x00000000000806cd      0x304 ./Drivers/STM32F1xx_HAL_Driver/Src/stm32f1xx_hal.o
                                      0x7fd39 (size before relaxing)
 .debug_str     0x00000000000809d1      0x300 ./Drivers/STM32F1xx_HAL_Driver/Src/stm32f1xx_hal_cortex.o
                                      0x7fd41 (size before relaxing)
 .debug_str     0x0000000000080cd1      0x316 ./Drivers/STM32F1xx_HAL_Driver/Src/stm32f1xx_hal_gpio.o
                                      0x7faa6 (size before relaxing)
 .debug_str     0x0000000000080fe7      0x24f ./Drivers/STM32F1xx_HAL_Driver/Src/stm32f1xx_hal_rcc.o
                                      0x7fadf (size before relaxing)
 .debug_str     0x0000000000081236      0xdce ./Drivers/STM32F1xx_HAL_Driver/Src/stm32f1xx_hal_tim.o
                                      0x80ab8 (size before relaxing)
 .debug_str     0x0000000000082004      0x4ee ./Drivers/STM32F1xx_HAL_Driver/Src/stm32f1xx_hal_tim_ex.o
                                      0x80269 (size before relaxing)

.comment        0x0000000000000000       0x53
 .comment       0x0000000000000000       0x53 ./Core/Src/global.o
                                         0x54 (size before relaxing)
 .comment       0x0000000000000053       0x54 ./Core/Src/input_processing.o
 .comment       0x0000000000000053       0x54 ./Core/Src/input_reading.o
 .comment       0x0000000000000053       0x54 ./Core/Src/led_display.o
 .comment       0x0000000000000053       0x54 ./Core/Src/main.o
 .comment       0x0000000000000053       0x54 ./Core/Src/stm32f1xx_hal_msp.o
 .comment       0x0000000000000053       0x54 ./Core/Src/stm32f1xx_it.o
 .comment       0x0000000000000053       0x54 ./Core/Src/system_stm32f1xx.o
 .comment       0x0000000000000053       0x54 ./Core/Src/timer.o
 .comment       0x0000000000000053       0x54 ./Drivers/STM32F1xx_HAL_Driver/Src/stm32f1xx_hal.o
 .comment       0x0000000000000053       0x54 ./Drivers/STM32F1xx_HAL_Driver/Src/stm32f1xx_hal_cortex.o
 .comment       0x0000000000000053       0x54 ./Drivers/STM32F1xx_HAL_Driver/Src/stm32f1xx_hal_gpio.o
 .comment       0x0000000000000053       0x54 ./Drivers/STM32F1xx_HAL_Driver/Src/stm32f1xx_hal_rcc.o
 .comment       0x0000000000000053       0x54 ./Drivers/STM32F1xx_HAL_Driver/Src/stm32f1xx_hal_tim.o
 .comment       0x0000000000000053       0x54 ./Drivers/STM32F1xx_HAL_Driver/Src/stm32f1xx_hal_tim_ex.o

.debug_frame    0x0000000000000000     0x29e0
 .debug_frame   0x0000000000000000       0x50 ./Core/Src/global.o
 .debug_frame   0x0000000000000050       0x90 ./Core/Src/input_processing.o
 .debug_frame   0x00000000000000e0       0xfc ./Core/Src/input_reading.o
 .debug_frame   0x00000000000001dc       0xec ./Core/Src/led_display.o
 .debug_frame   0x00000000000002c8       0xb0 ./Core/Src/main.o
 .debug_frame   0x0000000000000378       0x80 ./Core/Src/stm32f1xx_hal_msp.o
 .debug_frame   0x00000000000003f8      0x120 ./Core/Src/stm32f1xx_it.o
 .debug_frame   0x0000000000000518       0x58 ./Core/Src/system_stm32f1xx.o
 .debug_frame   0x0000000000000570      0x174 ./Core/Src/timer.o
 .debug_frame   0x00000000000006e4      0x334 ./Drivers/STM32F1xx_HAL_Driver/Src/stm32f1xx_hal.o
 .debug_frame   0x0000000000000a18      0x428 ./Drivers/STM32F1xx_HAL_Driver/Src/stm32f1xx_hal_cortex.o
 .debug_frame   0x0000000000000e40      0x14c ./Drivers/STM32F1xx_HAL_Driver/Src/stm32f1xx_hal_gpio.o
 .debug_frame   0x0000000000000f8c      0x218 ./Drivers/STM32F1xx_HAL_Driver/Src/stm32f1xx_hal_rcc.o
 .debug_frame   0x00000000000011a4     0x11b8 ./Drivers/STM32F1xx_HAL_Driver/Src/stm32f1xx_hal_tim.o
 .debug_frame   0x000000000000235c      0x638 ./Drivers/STM32F1xx_HAL_Driver/Src/stm32f1xx_hal_tim_ex.o
 .debug_frame   0x0000000000002994       0x2c c:/st/stm32cubeide_1.7.0/stm32cubeide/plugins/com.st.stm32cube.ide.mcu.externaltools.gnu-tools-for-stm32.9-2020-q2-update.win32_2.0.0.202105311346/tools/bin/../lib/gcc/arm-none-eabi/9.3.1/../../../../arm-none-eabi/lib/thumb/v7-m/nofp\libc_nano.a(lib_a-init.o)
 .debug_frame   0x00000000000029c0       0x20 c:/st/stm32cubeide_1.7.0/stm32cubeide/plugins/com.st.stm32cube.ide.mcu.externaltools.gnu-tools-for-stm32.9-2020-q2-update.win32_2.0.0.202105311346/tools/bin/../lib/gcc/arm-none-eabi/9.3.1/../../../../arm-none-eabi/lib/thumb/v7-m/nofp\libc_nano.a(lib_a-memset.o)
