23:11:59 **** Build of configuration Debug for project lab3 ****
make -j12 all 
arm-none-eabi-gcc "../Drivers/STM32F1xx_HAL_Driver/Src/stm32f1xx_hal.c" -mcpu=cortex-m3 -std=gnu11 -g3 -DDEBUG -DUSE_HAL_DRIVER -DSTM32F103x6 -c -I../Core/Inc -I../Drivers/STM32F1xx_HAL_Driver/Inc -I../Drivers/STM32F1xx_HAL_Driver/Inc/Legacy -I../Drivers/CMSIS/Device/ST/STM32F1xx/Include -I../Drivers/CMSIS/Include -O0 -ffunction-sections -fdata-sections -Wall -fstack-usage -MMD -MP -MF"Drivers/STM32F1xx_HAL_Driver/Src/stm32f1xx_hal.d" -MT"Drivers/STM32F1xx_HAL_Driver/Src/stm32f1xx_hal.o" --specs=nano.specs -mfloat-abi=soft -mthumb -o "Drivers/STM32F1xx_HAL_Driver/Src/stm32f1xx_hal.o"
arm-none-eabi-gcc "../Drivers/STM32F1xx_HAL_Driver/Src/stm32f1xx_hal_cortex.c" -mcpu=cortex-m3 -std=gnu11 -g3 -DDEBUG -DUSE_HAL_DRIVER -DSTM32F103x6 -c -I../Core/Inc -I../Drivers/STM32F1xx_HAL_Driver/Inc -I../Drivers/STM32F1xx_HAL_Driver/Inc/Legacy -I../Drivers/CMSIS/Device/ST/STM32F1xx/Include -I../Drivers/CMSIS/Include -O0 -ffunction-sections -fdata-sections -Wall -fstack-usage -MMD -MP -MF"Drivers/STM32F1xx_HAL_Driver/Src/stm32f1xx_hal_cortex.d" -MT"Drivers/STM32F1xx_HAL_Driver/Src/stm32f1xx_hal_cortex.o" --specs=nano.specs -mfloat-abi=soft -mthumb -o "Drivers/STM32F1xx_HAL_Driver/Src/stm32f1xx_hal_cortex.o"
arm-none-eabi-gcc "../Drivers/STM32F1xx_HAL_Driver/Src/stm32f1xx_hal_dma.c" -mcpu=cortex-m3 -std=gnu11 -g3 -DDEBUG -DUSE_HAL_DRIVER -DSTM32F103x6 -c -I../Core/Inc -I../Drivers/STM32F1xx_HAL_Driver/Inc -I../Drivers/STM32F1xx_HAL_Driver/Inc/Legacy -I../Drivers/CMSIS/Device/ST/STM32F1xx/Include -I../Drivers/CMSIS/Include -O0 -ffunction-sections -fdata-sections -Wall -fstack-usage -MMD -MP -MF"Drivers/STM32F1xx_HAL_Driver/Src/stm32f1xx_hal_dma.d" -MT"Drivers/STM32F1xx_HAL_Driver/Src/stm32f1xx_hal_dma.o" --specs=nano.specs -mfloat-abi=soft -mthumb -o "Drivers/STM32F1xx_HAL_Driver/Src/stm32f1xx_hal_dma.o"
arm-none-eabi-gcc "../Drivers/STM32F1xx_HAL_Driver/Src/stm32f1xx_hal_exti.c" -mcpu=cortex-m3 -std=gnu11 -g3 -DDEBUG -DUSE_HAL_DRIVER -DSTM32F103x6 -c -I../Core/Inc -I../Drivers/STM32F1xx_HAL_Driver/Inc -I../Drivers/STM32F1xx_HAL_Driver/Inc/Legacy -I../Drivers/CMSIS/Device/ST/STM32F1xx/Include -I../Drivers/CMSIS/Include -O0 -ffunction-sections -fdata-sections -Wall -fstack-usage -MMD -MP -MF"Drivers/STM32F1xx_HAL_Driver/Src/stm32f1xx_hal_exti.d" -MT"Drivers/STM32F1xx_HAL_Driver/Src/stm32f1xx_hal_exti.o" --specs=nano.specs -mfloat-abi=soft -mthumb -o "Drivers/STM32F1xx_HAL_Driver/Src/stm32f1xx_hal_exti.o"
arm-none-eabi-gcc "../Drivers/STM32F1xx_HAL_Driver/Src/stm32f1xx_hal_flash.c" -mcpu=cortex-m3 -std=gnu11 -g3 -DDEBUG -DUSE_HAL_DRIVER -DSTM32F103x6 -c -I../Core/Inc -I../Drivers/STM32F1xx_HAL_Driver/Inc -I../Drivers/STM32F1xx_HAL_Driver/Inc/Legacy -I../Drivers/CMSIS/Device/ST/STM32F1xx/Include -I../Drivers/CMSIS/Include -O0 -ffunction-sections -fdata-sections -Wall -fstack-usage -MMD -MP -MF"Drivers/STM32F1xx_HAL_Driver/Src/stm32f1xx_hal_flash.d" -MT"Drivers/STM32F1xx_HAL_Driver/Src/stm32f1xx_hal_flash.o" --specs=nano.specs -mfloat-abi=soft -mthumb -o "Drivers/STM32F1xx_HAL_Driver/Src/stm32f1xx_hal_flash.o"
arm-none-eabi-gcc "../Drivers/STM32F1xx_HAL_Driver/Src/stm32f1xx_hal_flash_ex.c" -mcpu=cortex-m3 -std=gnu11 -g3 -DDEBUG -DUSE_HAL_DRIVER -DSTM32F103x6 -c -I../Core/Inc -I../Drivers/STM32F1xx_HAL_Driver/Inc -I../Drivers/STM32F1xx_HAL_Driver/Inc/Legacy -I../Drivers/CMSIS/Device/ST/STM32F1xx/Include -I../Drivers/CMSIS/Include -O0 -ffunction-sections -fdata-sections -Wall -fstack-usage -MMD -MP -MF"Drivers/STM32F1xx_HAL_Driver/Src/stm32f1xx_hal_flash_ex.d" -MT"Drivers/STM32F1xx_HAL_Driver/Src/stm32f1xx_hal_flash_ex.o" --specs=nano.specs -mfloat-abi=soft -mthumb -o "Drivers/STM32F1xx_HAL_Driver/Src/stm32f1xx_hal_flash_ex.o"
arm-none-eabi-gcc "../Drivers/STM32F1xx_HAL_Driver/Src/stm32f1xx_hal_gpio.c" -mcpu=cortex-m3 -std=gnu11 -g3 -DDEBUG -DUSE_HAL_DRIVER -DSTM32F103x6 -c -I../Core/Inc -I../Drivers/STM32F1xx_HAL_Driver/Inc -I../Drivers/STM32F1xx_HAL_Driver/Inc/Legacy -I../Drivers/CMSIS/Device/ST/STM32F1xx/Include -I../Drivers/CMSIS/Include -O0 -ffunction-sections -fdata-sections -Wall -fstack-usage -MMD -MP -MF"Drivers/STM32F1xx_HAL_Driver/Src/stm32f1xx_hal_gpio.d" -MT"Drivers/STM32F1xx_HAL_Driver/Src/stm32f1xx_hal_gpio.o" --specs=nano.specs -mfloat-abi=soft -mthumb -o "Drivers/STM32F1xx_HAL_Driver/Src/stm32f1xx_hal_gpio.o"
arm-none-eabi-gcc "../Drivers/STM32F1xx_HAL_Driver/Src/stm32f1xx_hal_gpio_ex.c" -mcpu=cortex-m3 -std=gnu11 -g3 -DDEBUG -DUSE_HAL_DRIVER -DSTM32F103x6 -c -I../Core/Inc -I../Drivers/STM32F1xx_HAL_Driver/Inc -I../Drivers/STM32F1xx_HAL_Driver/Inc/Legacy -I../Drivers/CMSIS/Device/ST/STM32F1xx/Include -I../Drivers/CMSIS/Include -O0 -ffunction-sections -fdata-sections -Wall -fstack-usage -MMD -MP -MF"Drivers/STM32F1xx_HAL_Driver/Src/stm32f1xx_hal_gpio_ex.d" -MT"Drivers/STM32F1xx_HAL_Driver/Src/stm32f1xx_hal_gpio_ex.o" --specs=nano.specs -mfloat-abi=soft -mthumb -o "Drivers/STM32F1xx_HAL_Driver/Src/stm32f1xx_hal_gpio_ex.o"
arm-none-eabi-gcc "../Drivers/STM32F1xx_HAL_Driver/Src/stm32f1xx_hal_pwr.c" -mcpu=cortex-m3 -std=gnu11 -g3 -DDEBUG -DUSE_HAL_DRIVER -DSTM32F103x6 -c -I../Core/Inc -I../Drivers/STM32F1xx_HAL_Driver/Inc -I../Drivers/STM32F1xx_HAL_Driver/Inc/Legacy -I../Drivers/CMSIS/Device/ST/STM32F1xx/Include -I../Drivers/CMSIS/Include -O0 -ffunction-sections -fdata-sections -Wall -fstack-usage -MMD -MP -MF"Drivers/STM32F1xx_HAL_Driver/Src/stm32f1xx_hal_pwr.d" -MT"Drivers/STM32F1xx_HAL_Driver/Src/stm32f1xx_hal_pwr.o" --specs=nano.specs -mfloat-abi=soft -mthumb -o "Drivers/STM32F1xx_HAL_Driver/Src/stm32f1xx_hal_pwr.o"
arm-none-eabi-gcc "../Drivers/STM32F1xx_HAL_Driver/Src/stm32f1xx_hal_rcc.c" -mcpu=cortex-m3 -std=gnu11 -g3 -DDEBUG -DUSE_HAL_DRIVER -DSTM32F103x6 -c -I../Core/Inc -I../Drivers/STM32F1xx_HAL_Driver/Inc -I../Drivers/STM32F1xx_HAL_Driver/Inc/Legacy -I../Drivers/CMSIS/Device/ST/STM32F1xx/Include -I../Drivers/CMSIS/Include -O0 -ffunction-sections -fdata-sections -Wall -fstack-usage -MMD -MP -MF"Drivers/STM32F1xx_HAL_Driver/Src/stm32f1xx_hal_rcc.d" -MT"Drivers/STM32F1xx_HAL_Driver/Src/stm32f1xx_hal_rcc.o" --specs=nano.specs -mfloat-abi=soft -mthumb -o "Drivers/STM32F1xx_HAL_Driver/Src/stm32f1xx_hal_rcc.o"
arm-none-eabi-gcc "../Drivers/STM32F1xx_HAL_Driver/Src/stm32f1xx_hal_rcc_ex.c" -mcpu=cortex-m3 -std=gnu11 -g3 -DDEBUG -DUSE_HAL_DRIVER -DSTM32F103x6 -c -I../Core/Inc -I../Drivers/STM32F1xx_HAL_Driver/Inc -I../Drivers/STM32F1xx_HAL_Driver/Inc/Legacy -I../Drivers/CMSIS/Device/ST/STM32F1xx/Include -I../Drivers/CMSIS/Include -O0 -ffunction-sections -fdata-sections -Wall -fstack-usage -MMD -MP -MF"Drivers/STM32F1xx_HAL_Driver/Src/stm32f1xx_hal_rcc_ex.d" -MT"Drivers/STM32F1xx_HAL_Driver/Src/stm32f1xx_hal_rcc_ex.o" --specs=nano.specs -mfloat-abi=soft -mthumb -o "Drivers/STM32F1xx_HAL_Driver/Src/stm32f1xx_hal_rcc_ex.o"
arm-none-eabi-gcc "../Drivers/STM32F1xx_HAL_Driver/Src/stm32f1xx_hal_tim.c" -mcpu=cortex-m3 -std=gnu11 -g3 -DDEBUG -DUSE_HAL_DRIVER -DSTM32F103x6 -c -I../Core/Inc -I../Drivers/STM32F1xx_HAL_Driver/Inc -I../Drivers/STM32F1xx_HAL_Driver/Inc/Legacy -I../Drivers/CMSIS/Device/ST/STM32F1xx/Include -I../Drivers/CMSIS/Include -O0 -ffunction-sections -fdata-sections -Wall -fstack-usage -MMD -MP -MF"Drivers/STM32F1xx_HAL_Driver/Src/stm32f1xx_hal_tim.d" -MT"Drivers/STM32F1xx_HAL_Driver/Src/stm32f1xx_hal_tim.o" --specs=nano.specs -mfloat-abi=soft -mthumb -o "Drivers/STM32F1xx_HAL_Driver/Src/stm32f1xx_hal_tim.o"
arm-none-eabi-gcc "../Drivers/STM32F1xx_HAL_Driver/Src/stm32f1xx_hal_tim_ex.c" -mcpu=cortex-m3 -std=gnu11 -g3 -DDEBUG -DUSE_HAL_DRIVER -DSTM32F103x6 -c -I../Core/Inc -I../Drivers/STM32F1xx_HAL_Driver/Inc -I../Drivers/STM32F1xx_HAL_Driver/Inc/Legacy -I../Drivers/CMSIS/Device/ST/STM32F1xx/Include -I../Drivers/CMSIS/Include -O0 -ffunction-sections -fdata-sections -Wall -fstack-usage -MMD -MP -MF"Drivers/STM32F1xx_HAL_Driver/Src/stm32f1xx_hal_tim_ex.d" -MT"Drivers/STM32F1xx_HAL_Driver/Src/stm32f1xx_hal_tim_ex.o" --specs=nano.specs -mfloat-abi=soft -mthumb -o "Drivers/STM32F1xx_HAL_Driver/Src/stm32f1xx_hal_tim_ex.o"
arm-none-eabi-gcc -mcpu=cortex-m3 -g3 -DDEBUG -c -x assembler-with-cpp -MMD -MP -MF"Core/Startup/startup_stm32f103c6ux.d" -MT"Core/Startup/startup_stm32f103c6ux.o" --specs=nano.specs -mfloat-abi=soft -mthumb -o "Core/Startup/startup_stm32f103c6ux.o" "../Core/Startup/startup_stm32f103c6ux.s"
arm-none-eabi-gcc "../Core/Src/global.c" -mcpu=cortex-m3 -std=gnu11 -g3 -DDEBUG -DUSE_HAL_DRIVER -DSTM32F103x6 -c -I../Core/Inc -I../Drivers/STM32F1xx_HAL_Driver/Inc -I../Drivers/STM32F1xx_HAL_Driver/Inc/Legacy -I../Drivers/CMSIS/Device/ST/STM32F1xx/Include -I../Drivers/CMSIS/Include -O0 -ffunction-sections -fdata-sections -Wall -fstack-usage -MMD -MP -MF"Core/Src/global.d" -MT"Core/Src/global.o" --specs=nano.specs -mfloat-abi=soft -mthumb -o "Core/Src/global.o"
arm-none-eabi-gcc "../Core/Src/input_processing.c" -mcpu=cortex-m3 -std=gnu11 -g3 -DDEBUG -DUSE_HAL_DRIVER -DSTM32F103x6 -c -I../Core/Inc -I../Drivers/STM32F1xx_HAL_Driver/Inc -I../Drivers/STM32F1xx_HAL_Driver/Inc/Legacy -I../Drivers/CMSIS/Device/ST/STM32F1xx/Include -I../Drivers/CMSIS/Include -O0 -ffunction-sections -fdata-sections -Wall -fstack-usage -MMD -MP -MF"Core/Src/input_processing.d" -MT"Core/Src/input_processing.o" --specs=nano.specs -mfloat-abi=soft -mthumb -o "Core/Src/input_processing.o"
arm-none-eabi-gcc "../Core/Src/input_reading.c" -mcpu=cortex-m3 -std=gnu11 -g3 -DDEBUG -DUSE_HAL_DRIVER -DSTM32F103x6 -c -I../Core/Inc -I../Drivers/STM32F1xx_HAL_Driver/Inc -I../Drivers/STM32F1xx_HAL_Driver/Inc/Legacy -I../Drivers/CMSIS/Device/ST/STM32F1xx/Include -I../Drivers/CMSIS/Include -O0 -ffunction-sections -fdata-sections -Wall -fstack-usage -MMD -MP -MF"Core/Src/input_reading.d" -MT"Core/Src/input_reading.o" --specs=nano.specs -mfloat-abi=soft -mthumb -o "Core/Src/input_reading.o"
arm-none-eabi-gcc "../Core/Src/led_display.c" -mcpu=cortex-m3 -std=gnu11 -g3 -DDEBUG -DUSE_HAL_DRIVER -DSTM32F103x6 -c -I../Core/Inc -I../Drivers/STM32F1xx_HAL_Driver/Inc -I../Drivers/STM32F1xx_HAL_Driver/Inc/Legacy -I../Drivers/CMSIS/Device/ST/STM32F1xx/Include -I../Drivers/CMSIS/Include -O0 -ffunction-sections -fdata-sections -Wall -fstack-usage -MMD -MP -MF"Core/Src/led_display.d" -MT"Core/Src/led_display.o" --specs=nano.specs -mfloat-abi=soft -mthumb -o "Core/Src/led_display.o"
arm-none-eabi-gcc "../Core/Src/main.c" -mcpu=cortex-m3 -std=gnu11 -g3 -DDEBUG -DUSE_HAL_DRIVER -DSTM32F103x6 -c -I../Core/Inc -I../Drivers/STM32F1xx_HAL_Driver/Inc -I../Drivers/STM32F1xx_HAL_Driver/Inc/Legacy -I../Drivers/CMSIS/Device/ST/STM32F1xx/Include -I../Drivers/CMSIS/Include -O0 -ffunction-sections -fdata-sections -Wall -fstack-usage -MMD -MP -MF"Core/Src/main.d" -MT"Core/Src/main.o" --specs=nano.specs -mfloat-abi=soft -mthumb -o "Core/Src/main.o"
arm-none-eabi-gcc "../Core/Src/stm32f1xx_hal_msp.c" -mcpu=cortex-m3 -std=gnu11 -g3 -DDEBUG -DUSE_HAL_DRIVER -DSTM32F103x6 -c -I../Core/Inc -I../Drivers/STM32F1xx_HAL_Driver/Inc -I../Drivers/STM32F1xx_HAL_Driver/Inc/Legacy -I../Drivers/CMSIS/Device/ST/STM32F1xx/Include -I../Drivers/CMSIS/Include -O0 -ffunction-sections -fdata-sections -Wall -fstack-usage -MMD -MP -MF"Core/Src/stm32f1xx_hal_msp.d" -MT"Core/Src/stm32f1xx_hal_msp.o" --specs=nano.specs -mfloat-abi=soft -mthumb -o "Core/Src/stm32f1xx_hal_msp.o"
arm-none-eabi-gcc "../Core/Src/stm32f1xx_it.c" -mcpu=cortex-m3 -std=gnu11 -g3 -DDEBUG -DUSE_HAL_DRIVER -DSTM32F103x6 -c -I../Core/Inc -I../Drivers/STM32F1xx_HAL_Driver/Inc -I../Drivers/STM32F1xx_HAL_Driver/Inc/Legacy -I../Drivers/CMSIS/Device/ST/STM32F1xx/Include -I../Drivers/CMSIS/Include -O0 -ffunction-sections -fdata-sections -Wall -fstack-usage -MMD -MP -MF"Core/Src/stm32f1xx_it.d" -MT"Core/Src/stm32f1xx_it.o" --specs=nano.specs -mfloat-abi=soft -mthumb -o "Core/Src/stm32f1xx_it.o"
arm-none-eabi-gcc "../Core/Src/syscalls.c" -mcpu=cortex-m3 -std=gnu11 -g3 -DDEBUG -DUSE_HAL_DRIVER -DSTM32F103x6 -c -I../Core/Inc -I../Drivers/STM32F1xx_HAL_Driver/Inc -I../Drivers/STM32F1xx_HAL_Driver/Inc/Legacy -I../Drivers/CMSIS/Device/ST/STM32F1xx/Include -I../Drivers/CMSIS/Include -O0 -ffunction-sections -fdata-sections -Wall -fstack-usage -MMD -MP -MF"Core/Src/syscalls.d" -MT"Core/Src/syscalls.o" --specs=nano.specs -mfloat-abi=soft -mthumb -o "Core/Src/syscalls.o"
arm-none-eabi-gcc "../Core/Src/sysmem.c" -mcpu=cortex-m3 -std=gnu11 -g3 -DDEBUG -DUSE_HAL_DRIVER -DSTM32F103x6 -c -I../Core/Inc -I../Drivers/STM32F1xx_HAL_Driver/Inc -I../Drivers/STM32F1xx_HAL_Driver/Inc/Legacy -I../Drivers/CMSIS/Device/ST/STM32F1xx/Include -I../Drivers/CMSIS/Include -O0 -ffunction-sections -fdata-sections -Wall -fstack-usage -MMD -MP -MF"Core/Src/sysmem.d" -MT"Core/Src/sysmem.o" --specs=nano.specs -mfloat-abi=soft -mthumb -o "Core/Src/sysmem.o"
arm-none-eabi-gcc "../Core/Src/system_stm32f1xx.c" -mcpu=cortex-m3 -std=gnu11 -g3 -DDEBUG -DUSE_HAL_DRIVER -DSTM32F103x6 -c -I../Core/Inc -I../Drivers/STM32F1xx_HAL_Driver/Inc -I../Drivers/STM32F1xx_HAL_Driver/Inc/Legacy -I../Drivers/CMSIS/Device/ST/STM32F1xx/Include -I../Drivers/CMSIS/Include -O0 -ffunction-sections -fdata-sections -Wall -fstack-usage -MMD -MP -MF"Core/Src/system_stm32f1xx.d" -MT"Core/Src/system_stm32f1xx.o" --specs=nano.specs -mfloat-abi=soft -mthumb -o "Core/Src/system_stm32f1xx.o"
../Core/Src/main.c:45:2: error: unknown type name 'TIM_HandleTypeDef'; did you mean 'DMA_HandleTypeDef'?
   45 |  TIM_HandleTypeDef htim2;
      |  ^~~~~~~~~~~~~~~~~
      |  DMA_HandleTypeDef
../Core/Src/main.c: In function 'main':
../Core/Src/main.c:94:3: warning: implicit declaration of function 'HAL_TIM_Base_Start_IT'; did you mean 'HAL_DMA_Start_IT'? [-Wimplicit-function-declaration]
   94 |   HAL_TIM_Base_Start_IT(&htim2);
      |   ^~~~~~~~~~~~~~~~~~~~~
      |   HAL_DMA_Start_IT
../Core/Src/main.c:117:24: error: 'LED_RED_GPIO_Port' undeclared (first use in this function); did you mean 'MODE_GPIO_Port'?
  117 |     HAL_GPIO_TogglePin(LED_RED_GPIO_Port, LED_RED_Pin);
      |                        ^~~~~~~~~~~~~~~~~
      |                        MODE_GPIO_Port
../Core/Src/main.c:117:24: note: each undeclared identifier is reported only once for each function it appears in
../Core/Src/main.c:117:43: error: 'LED_RED_Pin' undeclared (first use in this function)
  117 |     HAL_GPIO_TogglePin(LED_RED_GPIO_Port, LED_RED_Pin);
      |                                           ^~~~~~~~~~~
../Core/Src/main.c: In function 'MX_TIM2_Init':
../Core/Src/main.c:177:3: error: unknown type name 'TIM_ClockConfigTypeDef'; did you mean 'EXTI_ConfigTypeDef'?
  177 |   TIM_ClockConfigTypeDef sClockSourceConfig = {0};
      |   ^~~~~~~~~~~~~~~~~~~~~~
      |   EXTI_ConfigTypeDef
arm-none-eabi-gcc "../Core/Src/timer.c" -mcpu=cortex-m3 -std=gnu11 -g3 -DDEBUG -DUSE_HAL_DRIVER -DSTM32F103x6 -c -I../Core/Inc -I../Drivers/STM32F1xx_HAL_Driver/Inc -I../Drivers/STM32F1xx_HAL_Driver/Inc/Legacy -I../Drivers/CMSIS/Device/ST/STM32F1xx/Include -I../Drivers/CMSIS/Include -O0 -ffunction-sections -fdata-sections -Wall -fstack-usage -MMD -MP -MF"Core/Src/timer.d" -MT"Core/Src/timer.o" --specs=nano.specs -mfloat-abi=soft -mthumb -o "Core/Src/timer.o"
../Core/Src/main.c:178:3: error: unknown type name 'TIM_MasterConfigTypeDef'
  178 |   TIM_MasterConfigTypeDef sMasterConfig = {0};
      |   ^~~~~~~~~~~~~~~~~~~~~~~
../Core/Src/main.c:183:8: error: request for member 'Instance' in something not a structure or union
  183 |   htim2.Instance = TIM2;
      |        ^
../Core/Src/main.c:184:8: error: request for member 'Init' in something not a structure or union
  184 |   htim2.Init.Prescaler = 799;
      |        ^
../Core/Src/main.c:185:8: error: request for member 'Init' in something not a structure or union
  185 |   htim2.Init.CounterMode = TIM_COUNTERMODE_UP;
      |        ^
../Core/Src/main.c:185:28: error: 'TIM_COUNTERMODE_UP' undeclared (first use in this function)
  185 |   htim2.Init.CounterMode = TIM_COUNTERMODE_UP;
      |                            ^~~~~~~~~~~~~~~~~~
../Core/Src/main.c:186:8: error: request for member 'Init' in something not a structure or union
  186 |   htim2.Init.Period = 9;
      |        ^
../Core/Src/main.c:187:8: error: request for member 'Init' in something not a structure or union
  187 |   htim2.Init.ClockDivision = TIM_CLOCKDIVISION_DIV1;
      |        ^
../Core/Src/main.c:187:30: error: 'TIM_CLOCKDIVISION_DIV1' undeclared (first use in this function)
  187 |   htim2.Init.ClockDivision = TIM_CLOCKDIVISION_DIV1;
      |                              ^~~~~~~~~~~~~~~~~~~~~~
../Core/Src/main.c:188:8: error: request for member 'Init' in something not a structure or union
  188 |   htim2.Init.AutoReloadPreload = TIM_AUTORELOAD_PRELOAD_DISABLE;
      |        ^
../Core/Src/main.c:188:34: error: 'TIM_AUTORELOAD_PRELOAD_DISABLE' undeclared (first use in this function)
  188 |   htim2.Init.AutoReloadPreload = TIM_AUTORELOAD_PRELOAD_DISABLE;
      |                                  ^~~~~~~~~~~~~~~~~~~~~~~~~~~~~~
../Core/Src/main.c:189:7: warning: implicit declaration of function 'HAL_TIM_Base_Init' [-Wimplicit-function-declaration]
  189 |   if (HAL_TIM_Base_Init(&htim2) != HAL_OK)
      |       ^~~~~~~~~~~~~~~~~
../Core/Src/main.c:193:21: error: request for member 'ClockSource' in something not a structure or union
  193 |   sClockSourceConfig.ClockSource = TIM_CLOCKSOURCE_INTERNAL;
      |                     ^
../Core/Src/main.c:193:36: error: 'TIM_CLOCKSOURCE_INTERNAL' undeclared (first use in this function)
  193 |   sClockSourceConfig.ClockSource = TIM_CLOCKSOURCE_INTERNAL;
      |                                    ^~~~~~~~~~~~~~~~~~~~~~~~
../Core/Src/timer.c:67:36: error: unknown type name 'TIM_HandleTypeDef'; did you mean 'DMA_HandleTypeDef'?
   67 | void HAL_TIM_PeriodElapsedCallback(TIM_HandleTypeDef *htim) {
      |                                    ^~~~~~~~~~~~~~~~~
      |                                    DMA_HandleTypeDef
make: *** [Core/Src/subdir.mk:49: Core/Src/timer.o] Error 1
make: *** Waiting for unfinished jobs....
../Core/Src/main.c:194:7: warning: implicit declaration of function 'HAL_TIM_ConfigClockSource' [-Wimplicit-function-declaration]
  194 |   if (HAL_TIM_ConfigClockSource(&htim2, &sClockSourceConfig) != HAL_OK)
      |       ^~~~~~~~~~~~~~~~~~~~~~~~~
../Core/Src/main.c:198:16: error: request for member 'MasterOutputTrigger' in something not a structure or union
  198 |   sMasterConfig.MasterOutputTrigger = TIM_TRGO_RESET;
      |                ^
../Core/Src/main.c:198:39: error: 'TIM_TRGO_RESET' undeclared (first use in this function)
  198 |   sMasterConfig.MasterOutputTrigger = TIM_TRGO_RESET;
      |                                       ^~~~~~~~~~~~~~
../Core/Src/main.c:199:16: error: request for member 'MasterSlaveMode' in something not a structure or union
  199 |   sMasterConfig.MasterSlaveMode = TIM_MASTERSLAVEMODE_DISABLE;
      |                ^
../Core/Src/main.c:199:35: error: 'TIM_MASTERSLAVEMODE_DISABLE' undeclared (first use in this function)
  199 |   sMasterConfig.MasterSlaveMode = TIM_MASTERSLAVEMODE_DISABLE;
      |                                   ^~~~~~~~~~~~~~~~~~~~~~~~~~~
../Core/Src/main.c:200:7: warning: implicit declaration of function 'HAL_TIMEx_MasterConfigSynchronization'; did you mean 'HAL_TIM_SlaveConfigSynchronization'? [-Wimplicit-function-declaration]
  200 |   if (HAL_TIMEx_MasterConfigSynchronization(&htim2, &sMasterConfig) != HAL_OK)
      |       ^~~~~~~~~~~~~~~~~~~~~~~~~~~~~~~~~~~~~
      |       HAL_TIM_SlaveConfigSynchronization
../Core/Src/main.c: In function 'MX_GPIO_Init':
../Core/Src/main.c:225:55: error: 'LED_RED_Pin' undeclared (first use in this function)
  225 |                           |SEG4_Pin|SEG5_Pin|SEG6_Pin|LED_RED_Pin
      |                                                       ^~~~~~~~~~~
make: *** [Core/Src/subdir.mk:49: Core/Src/main.o] Error 1
"make -j12 all" terminated with exit code 2. Build might be incomplete.
23:13:05 **** Incremental Build of configuration Debug for project lab3 ****
make -j12 all 
arm-none-eabi-gcc "../Core/Src/main.c" -mcpu=cortex-m3 -std=gnu11 -g3 -DDEBUG -DUSE_HAL_DRIVER -DSTM32F103x6 -c -I../Core/Inc -I../Drivers/STM32F1xx_HAL_Driver/Inc -I../Drivers/STM32F1xx_HAL_Driver/Inc/Legacy -I../Drivers/CMSIS/Device/ST/STM32F1xx/Include -I../Drivers/CMSIS/Include -O0 -ffunction-sections -fdata-sections -Wall -fstack-usage -MMD -MP -MF"Core/Src/main.d" -MT"Core/Src/main.o" --specs=nano.specs -mfloat-abi=soft -mthumb -o "Core/Src/main.o"
arm-none-eabi-gcc "../Core/Src/timer.c" -mcpu=cortex-m3 -std=gnu11 -g3 -DDEBUG -DUSE_HAL_DRIVER -DSTM32F103x6 -c -I../Core/Inc -I../Drivers/STM32F1xx_HAL_Driver/Inc -I../Drivers/STM32F1xx_HAL_Driver/Inc/Legacy -I../Drivers/CMSIS/Device/ST/STM32F1xx/Include -I../Drivers/CMSIS/Include -O0 -ffunction-sections -fdata-sections -Wall -fstack-usage -MMD -MP -MF"Core/Src/timer.d" -MT"Core/Src/timer.o" --specs=nano.specs -mfloat-abi=soft -mthumb -o "Core/Src/timer.o"
../Core/Src/main.c:45:2: error: unknown type name 'TIM_HandleTypeDef'; did you mean 'DMA_HandleTypeDef'?
   45 |  TIM_HandleTypeDef htim2;
      |  ^~~~~~~~~~~~~~~~~
      |  DMA_HandleTypeDef
../Core/Src/timer.c:67:36: error: unknown type name 'TIM_HandleTypeDef'; did you mean 'DMA_HandleTypeDef'?
   67 | void HAL_TIM_PeriodElapsedCallback(TIM_HandleTypeDef *htim) {
      |                                    ^~~~~~~~~~~~~~~~~
      |                                    DMA_HandleTypeDef
make: *** [Core/Src/subdir.mk:49: Core/Src/timer.o] Error 1
make: *** Waiting for unfinished jobs....
../Core/Src/main.c: In function 'main':
../Core/Src/main.c:94:3: warning: implicit declaration of function 'HAL_TIM_Base_Start_IT'; did you mean 'HAL_DMA_Start_IT'? [-Wimplicit-function-declaration]
   94 |   HAL_TIM_Base_Start_IT(&htim2);
      |   ^~~~~~~~~~~~~~~~~~~~~
      |   HAL_DMA_Start_IT
../Core/Src/main.c:117:24: error: 'LED_RED_GPIO_Port' undeclared (first use in this function); did you mean 'MODE_GPIO_Port'?
  117 |     HAL_GPIO_TogglePin(LED_RED_GPIO_Port, LED_RED_Pin);
      |                        ^~~~~~~~~~~~~~~~~
      |                        MODE_GPIO_Port
../Core/Src/main.c:117:24: note: each undeclared identifier is reported only once for each function it appears in
../Core/Src/main.c:117:43: error: 'LED_RED_Pin' undeclared (first use in this function)
  117 |     HAL_GPIO_TogglePin(LED_RED_GPIO_Port, LED_RED_Pin);
      |                                           ^~~~~~~~~~~
../Core/Src/main.c: In function 'MX_TIM2_Init':
../Core/Src/main.c:177:3: error: unknown type name 'TIM_ClockConfigTypeDef'; did you mean 'EXTI_ConfigTypeDef'?
  177 |   TIM_ClockConfigTypeDef sClockSourceConfig = {0};
      |   ^~~~~~~~~~~~~~~~~~~~~~
      |   EXTI_ConfigTypeDef
../Core/Src/main.c:178:3: error: unknown type name 'TIM_MasterConfigTypeDef'
  178 |   TIM_MasterConfigTypeDef sMasterConfig = {0};
      |   ^~~~~~~~~~~~~~~~~~~~~~~
../Core/Src/main.c:183:8: error: request for member 'Instance' in something not a structure or union
  183 |   htim2.Instance = TIM2;
      |        ^
../Core/Src/main.c:184:8: error: request for member 'Init' in something not a structure or union
  184 |   htim2.Init.Prescaler = 799;
      |        ^
../Core/Src/main.c:185:8: error: request for member 'Init' in something not a structure or union
  185 |   htim2.Init.CounterMode = TIM_COUNTERMODE_UP;
      |        ^
../Core/Src/main.c:185:28: error: 'TIM_COUNTERMODE_UP' undeclared (first use in this function)
  185 |   htim2.Init.CounterMode = TIM_COUNTERMODE_UP;
      |                            ^~~~~~~~~~~~~~~~~~
../Core/Src/main.c:186:8: error: request for member 'Init' in something not a structure or union
  186 |   htim2.Init.Period = 9;
      |        ^
../Core/Src/main.c:187:8: error: request for member 'Init' in something not a structure or union
  187 |   htim2.Init.ClockDivision = TIM_CLOCKDIVISION_DIV1;
      |        ^
../Core/Src/main.c:187:30: error: 'TIM_CLOCKDIVISION_DIV1' undeclared (first use in this function)
  187 |   htim2.Init.ClockDivision = TIM_CLOCKDIVISION_DIV1;
      |                              ^~~~~~~~~~~~~~~~~~~~~~
../Core/Src/main.c:188:8: error: request for member 'Init' in something not a structure or union
  188 |   htim2.Init.AutoReloadPreload = TIM_AUTORELOAD_PRELOAD_DISABLE;
      |        ^
../Core/Src/main.c:188:34: error: 'TIM_AUTORELOAD_PRELOAD_DISABLE' undeclared (first use in this function)
  188 |   htim2.Init.AutoReloadPreload = TIM_AUTORELOAD_PRELOAD_DISABLE;
      |                                  ^~~~~~~~~~~~~~~~~~~~~~~~~~~~~~
../Core/Src/main.c:189:7: warning: implicit declaration of function 'HAL_TIM_Base_Init' [-Wimplicit-function-declaration]
  189 |   if (HAL_TIM_Base_Init(&htim2) != HAL_OK)
      |       ^~~~~~~~~~~~~~~~~
../Core/Src/main.c:193:21: error: request for member 'ClockSource' in something not a structure or union
  193 |   sClockSourceConfig.ClockSource = TIM_CLOCKSOURCE_INTERNAL;
      |                     ^
../Core/Src/main.c:193:36: error: 'TIM_CLOCKSOURCE_INTERNAL' undeclared (first use in this function)
  193 |   sClockSourceConfig.ClockSource = TIM_CLOCKSOURCE_INTERNAL;
      |                                    ^~~~~~~~~~~~~~~~~~~~~~~~
../Core/Src/main.c:194:7: warning: implicit declaration of function 'HAL_TIM_ConfigClockSource' [-Wimplicit-function-declaration]
  194 |   if (HAL_TIM_ConfigClockSource(&htim2, &sClockSourceConfig) != HAL_OK)
      |       ^~~~~~~~~~~~~~~~~~~~~~~~~
../Core/Src/main.c:198:16: error: request for member 'MasterOutputTrigger' in something not a structure or union
  198 |   sMasterConfig.MasterOutputTrigger = TIM_TRGO_RESET;
      |                ^
../Core/Src/main.c:198:39: error: 'TIM_TRGO_RESET' undeclared (first use in this function)
  198 |   sMasterConfig.MasterOutputTrigger = TIM_TRGO_RESET;
      |                                       ^~~~~~~~~~~~~~
../Core/Src/main.c:199:16: error: request for member 'MasterSlaveMode' in something not a structure or union
  199 |   sMasterConfig.MasterSlaveMode = TIM_MASTERSLAVEMODE_DISABLE;
      |                ^
../Core/Src/main.c:199:35: error: 'TIM_MASTERSLAVEMODE_DISABLE' undeclared (first use in this function)
  199 |   sMasterConfig.MasterSlaveMode = TIM_MASTERSLAVEMODE_DISABLE;
      |                                   ^~~~~~~~~~~~~~~~~~~~~~~~~~~
../Core/Src/main.c:200:7: warning: implicit declaration of function 'HAL_TIMEx_MasterConfigSynchronization'; did you mean 'HAL_TIM_SlaveConfigSynchronization'? [-Wimplicit-function-declaration]
  200 |   if (HAL_TIMEx_MasterConfigSynchronization(&htim2, &sMasterConfig) != HAL_OK)
      |       ^~~~~~~~~~~~~~~~~~~~~~~~~~~~~~~~~~~~~
      |       HAL_TIM_SlaveConfigSynchronization
../Core/Src/main.c: In function 'MX_GPIO_Init':
../Core/Src/main.c:225:55: error: 'LED_RED_Pin' undeclared (first use in this function)
  225 |                           |SEG4_Pin|SEG5_Pin|SEG6_Pin|LED_RED_Pin
      |                                                       ^~~~~~~~~~~
make: *** [Core/Src/subdir.mk:49: Core/Src/main.o] Error 1
"make -j12 all" terminated with exit code 2. Build might be incomplete.
23:14:38 **** Incremental Build of configuration Debug for project lab3 ****
make -j12 all 
arm-none-eabi-gcc "../Core/Src/main.c" -mcpu=cortex-m3 -std=gnu11 -g3 -DDEBUG -DUSE_HAL_DRIVER -DSTM32F103x6 -c -I../Core/Inc -I../Drivers/STM32F1xx_HAL_Driver/Inc -I../Drivers/STM32F1xx_HAL_Driver/Inc/Legacy -I../Drivers/CMSIS/Device/ST/STM32F1xx/Include -I../Drivers/CMSIS/Include -O0 -ffunction-sections -fdata-sections -Wall -fstack-usage -MMD -MP -MF"Core/Src/main.d" -MT"Core/Src/main.o" --specs=nano.specs -mfloat-abi=soft -mthumb -o "Core/Src/main.o"
arm-none-eabi-gcc "../Core/Src/timer.c" -mcpu=cortex-m3 -std=gnu11 -g3 -DDEBUG -DUSE_HAL_DRIVER -DSTM32F103x6 -c -I../Core/Inc -I../Drivers/STM32F1xx_HAL_Driver/Inc -I../Drivers/STM32F1xx_HAL_Driver/Inc/Legacy -I../Drivers/CMSIS/Device/ST/STM32F1xx/Include -I../Drivers/CMSIS/Include -O0 -ffunction-sections -fdata-sections -Wall -fstack-usage -MMD -MP -MF"Core/Src/timer.d" -MT"Core/Src/timer.o" --specs=nano.specs -mfloat-abi=soft -mthumb -o "Core/Src/timer.o"
../Core/Src/main.c:45:2: error: unknown type name 'TIM_HandleTypeDef'; did you mean 'DMA_HandleTypeDef'?
   45 |  TIM_HandleTypeDef htim2;
      |  ^~~~~~~~~~~~~~~~~
      |  DMA_HandleTypeDef
../Core/Src/timer.c:67:36: error: unknown type name 'TIM_HandleTypeDef'; did you mean 'DMA_HandleTypeDef'?
   67 | void HAL_TIM_PeriodElapsedCallback(TIM_HandleTypeDef *htim) {
      |                                    ^~~~~~~~~~~~~~~~~
      |                                    DMA_HandleTypeDef
make: *** [Core/Src/subdir.mk:49: Core/Src/timer.o] Error 1
make: *** Waiting for unfinished jobs....
../Core/Src/main.c: In function 'main':
../Core/Src/main.c:94:3: warning: implicit declaration of function 'HAL_TIM_Base_Start_IT'; did you mean 'HAL_DMA_Start_IT'? [-Wimplicit-function-declaration]
   94 |   HAL_TIM_Base_Start_IT(&htim2);
      |   ^~~~~~~~~~~~~~~~~~~~~
      |   HAL_DMA_Start_IT
../Core/Src/main.c:117:24: error: 'LED_RED_GPIO_Port' undeclared (first use in this function); did you mean 'MODE_GPIO_Port'?
  117 |     HAL_GPIO_TogglePin(LED_RED_GPIO_Port, LED_RED_Pin);
      |                        ^~~~~~~~~~~~~~~~~
      |                        MODE_GPIO_Port
../Core/Src/main.c:117:24: note: each undeclared identifier is reported only once for each function it appears in
../Core/Src/main.c:117:43: error: 'LED_RED_Pin' undeclared (first use in this function)
  117 |     HAL_GPIO_TogglePin(LED_RED_GPIO_Port, LED_RED_Pin);
      |                                           ^~~~~~~~~~~
../Core/Src/main.c: In function 'MX_TIM2_Init':
../Core/Src/main.c:177:3: error: unknown type name 'TIM_ClockConfigTypeDef'; did you mean 'EXTI_ConfigTypeDef'?
  177 |   TIM_ClockConfigTypeDef sClockSourceConfig = {0};
      |   ^~~~~~~~~~~~~~~~~~~~~~
      |   EXTI_ConfigTypeDef
../Core/Src/main.c:178:3: error: unknown type name 'TIM_MasterConfigTypeDef'
  178 |   TIM_MasterConfigTypeDef sMasterConfig = {0};
      |   ^~~~~~~~~~~~~~~~~~~~~~~
../Core/Src/main.c:183:8: error: request for member 'Instance' in something not a structure or union
  183 |   htim2.Instance = TIM2;
      |        ^
../Core/Src/main.c:184:8: error: request for member 'Init' in something not a structure or union
  184 |   htim2.Init.Prescaler = 799;
      |        ^
../Core/Src/main.c:185:8: error: request for member 'Init' in something not a structure or union
  185 |   htim2.Init.CounterMode = TIM_COUNTERMODE_UP;
      |        ^
../Core/Src/main.c:185:28: error: 'TIM_COUNTERMODE_UP' undeclared (first use in this function)
  185 |   htim2.Init.CounterMode = TIM_COUNTERMODE_UP;
      |                            ^~~~~~~~~~~~~~~~~~
../Core/Src/main.c:186:8: error: request for member 'Init' in something not a structure or union
  186 |   htim2.Init.Period = 9;
      |        ^
../Core/Src/main.c:187:8: error: request for member 'Init' in something not a structure or union
  187 |   htim2.Init.ClockDivision = TIM_CLOCKDIVISION_DIV1;
      |        ^
../Core/Src/main.c:187:30: error: 'TIM_CLOCKDIVISION_DIV1' undeclared (first use in this function)
  187 |   htim2.Init.ClockDivision = TIM_CLOCKDIVISION_DIV1;
      |                              ^~~~~~~~~~~~~~~~~~~~~~
../Core/Src/main.c:188:8: error: request for member 'Init' in something not a structure or union
  188 |   htim2.Init.AutoReloadPreload = TIM_AUTORELOAD_PRELOAD_DISABLE;
      |        ^
../Core/Src/main.c:188:34: error: 'TIM_AUTORELOAD_PRELOAD_DISABLE' undeclared (first use in this function)
  188 |   htim2.Init.AutoReloadPreload = TIM_AUTORELOAD_PRELOAD_DISABLE;
      |                                  ^~~~~~~~~~~~~~~~~~~~~~~~~~~~~~
../Core/Src/main.c:189:7: warning: implicit declaration of function 'HAL_TIM_Base_Init' [-Wimplicit-function-declaration]
  189 |   if (HAL_TIM_Base_Init(&htim2) != HAL_OK)
      |       ^~~~~~~~~~~~~~~~~
../Core/Src/main.c:193:21: error: request for member 'ClockSource' in something not a structure or union
  193 |   sClockSourceConfig.ClockSource = TIM_CLOCKSOURCE_INTERNAL;
      |                     ^
../Core/Src/main.c:193:36: error: 'TIM_CLOCKSOURCE_INTERNAL' undeclared (first use in this function)
  193 |   sClockSourceConfig.ClockSource = TIM_CLOCKSOURCE_INTERNAL;
      |                                    ^~~~~~~~~~~~~~~~~~~~~~~~
../Core/Src/main.c:194:7: warning: implicit declaration of function 'HAL_TIM_ConfigClockSource' [-Wimplicit-function-declaration]
  194 |   if (HAL_TIM_ConfigClockSource(&htim2, &sClockSourceConfig) != HAL_OK)
      |       ^~~~~~~~~~~~~~~~~~~~~~~~~
../Core/Src/main.c:198:16: error: request for member 'MasterOutputTrigger' in something not a structure or union
  198 |   sMasterConfig.MasterOutputTrigger = TIM_TRGO_RESET;
      |                ^
../Core/Src/main.c:198:39: error: 'TIM_TRGO_RESET' undeclared (first use in this function)
  198 |   sMasterConfig.MasterOutputTrigger = TIM_TRGO_RESET;
      |                                       ^~~~~~~~~~~~~~
../Core/Src/main.c:199:16: error: request for member 'MasterSlaveMode' in something not a structure or union
  199 |   sMasterConfig.MasterSlaveMode = TIM_MASTERSLAVEMODE_DISABLE;
      |                ^
../Core/Src/main.c:199:35: error: 'TIM_MASTERSLAVEMODE_DISABLE' undeclared (first use in this function)
  199 |   sMasterConfig.MasterSlaveMode = TIM_MASTERSLAVEMODE_DISABLE;
      |                                   ^~~~~~~~~~~~~~~~~~~~~~~~~~~
../Core/Src/main.c:200:7: warning: implicit declaration of function 'HAL_TIMEx_MasterConfigSynchronization'; did you mean 'HAL_TIM_SlaveConfigSynchronization'? [-Wimplicit-function-declaration]
  200 |   if (HAL_TIMEx_MasterConfigSynchronization(&htim2, &sMasterConfig) != HAL_OK)
      |       ^~~~~~~~~~~~~~~~~~~~~~~~~~~~~~~~~~~~~
      |       HAL_TIM_SlaveConfigSynchronization
../Core/Src/main.c: In function 'MX_GPIO_Init':
../Core/Src/main.c:225:55: error: 'LED_RED_Pin' undeclared (first use in this function)
  225 |                           |SEG4_Pin|SEG5_Pin|SEG6_Pin|LED_RED_Pin
      |                                                       ^~~~~~~~~~~
make: *** [Core/Src/subdir.mk:49: Core/Src/main.o] Error 1
"make -j12 all" terminated with exit code 2. Build might be incomplete.
23:23:39 **** Incremental Build of configuration Debug for project lab3 ****
make -j12 all 
arm-none-eabi-gcc "../Core/Src/main.c" -mcpu=cortex-m3 -std=gnu11 -g3 -DDEBUG -DUSE_HAL_DRIVER -DSTM32F103x6 -c -I../Core/Inc -I../Drivers/STM32F1xx_HAL_Driver/Inc -I../Drivers/STM32F1xx_HAL_Driver/Inc/Legacy -I../Drivers/CMSIS/Device/ST/STM32F1xx/Include -I../Drivers/CMSIS/Include -O0 -ffunction-sections -fdata-sections -Wall -fstack-usage -MMD -MP -MF"Core/Src/main.d" -MT"Core/Src/main.o" --specs=nano.specs -mfloat-abi=soft -mthumb -o "Core/Src/main.o"
arm-none-eabi-gcc "../Core/Src/timer.c" -mcpu=cortex-m3 -std=gnu11 -g3 -DDEBUG -DUSE_HAL_DRIVER -DSTM32F103x6 -c -I../Core/Inc -I../Drivers/STM32F1xx_HAL_Driver/Inc -I../Drivers/STM32F1xx_HAL_Driver/Inc/Legacy -I../Drivers/CMSIS/Device/ST/STM32F1xx/Include -I../Drivers/CMSIS/Include -O0 -ffunction-sections -fdata-sections -Wall -fstack-usage -MMD -MP -MF"Core/Src/timer.d" -MT"Core/Src/timer.o" --specs=nano.specs -mfloat-abi=soft -mthumb -o "Core/Src/timer.o"
../Core/Src/main.c:45:2: error: unknown type name 'TIM_HandleTypeDef'; did you mean 'DMA_HandleTypeDef'?
   45 |  TIM_HandleTypeDef htim2;
      |  ^~~~~~~~~~~~~~~~~
      |  DMA_HandleTypeDef
../Core/Src/timer.c:67:36: error: unknown type name 'TIM_HandleTypeDef'; did you mean 'DMA_HandleTypeDef'?
   67 | void HAL_TIM_PeriodElapsedCallback(TIM_HandleTypeDef *htim) {
      |                                    ^~~~~~~~~~~~~~~~~
      |                                    DMA_HandleTypeDef
make: *** [Core/Src/subdir.mk:49: Core/Src/timer.o] Error 1
make: *** Waiting for unfinished jobs....
../Core/Src/main.c: In function 'main':
../Core/Src/main.c:94:3: warning: implicit declaration of function 'HAL_TIM_Base_Start_IT'; did you mean 'HAL_DMA_Start_IT'? [-Wimplicit-function-declaration]
   94 |   HAL_TIM_Base_Start_IT(&htim2);
      |   ^~~~~~~~~~~~~~~~~~~~~
      |   HAL_DMA_Start_IT
../Core/Src/main.c:117:24: error: 'LED_RED_GPIO_Port' undeclared (first use in this function); did you mean 'MODE_GPIO_Port'?
  117 |     HAL_GPIO_TogglePin(LED_RED_GPIO_Port, LED_RED_Pin);
      |                        ^~~~~~~~~~~~~~~~~
      |                        MODE_GPIO_Port
../Core/Src/main.c:117:24: note: each undeclared identifier is reported only once for each function it appears in
../Core/Src/main.c:117:43: error: 'LED_RED_Pin' undeclared (first use in this function)
  117 |     HAL_GPIO_TogglePin(LED_RED_GPIO_Port, LED_RED_Pin);
      |                                           ^~~~~~~~~~~
../Core/Src/main.c: In function 'MX_TIM2_Init':
../Core/Src/main.c:177:3: error: unknown type name 'TIM_ClockConfigTypeDef'; did you mean 'EXTI_ConfigTypeDef'?
  177 |   TIM_ClockConfigTypeDef sClockSourceConfig = {0};
      |   ^~~~~~~~~~~~~~~~~~~~~~
      |   EXTI_ConfigTypeDef
../Core/Src/main.c:178:3: error: unknown type name 'TIM_MasterConfigTypeDef'
  178 |   TIM_MasterConfigTypeDef sMasterConfig = {0};
      |   ^~~~~~~~~~~~~~~~~~~~~~~
../Core/Src/main.c:183:8: error: request for member 'Instance' in something not a structure or union
  183 |   htim2.Instance = TIM2;
      |        ^
../Core/Src/main.c:184:8: error: request for member 'Init' in something not a structure or union
  184 |   htim2.Init.Prescaler = 799;
      |        ^
../Core/Src/main.c:185:8: error: request for member 'Init' in something not a structure or union
  185 |   htim2.Init.CounterMode = TIM_COUNTERMODE_UP;
      |        ^
../Core/Src/main.c:185:28: error: 'TIM_COUNTERMODE_UP' undeclared (first use in this function)
  185 |   htim2.Init.CounterMode = TIM_COUNTERMODE_UP;
      |                            ^~~~~~~~~~~~~~~~~~
../Core/Src/main.c:186:8: error: request for member 'Init' in something not a structure or union
  186 |   htim2.Init.Period = 9;
      |        ^
../Core/Src/main.c:187:8: error: request for member 'Init' in something not a structure or union
  187 |   htim2.Init.ClockDivision = TIM_CLOCKDIVISION_DIV1;
      |        ^
../Core/Src/main.c:187:30: error: 'TIM_CLOCKDIVISION_DIV1' undeclared (first use in this function)
  187 |   htim2.Init.ClockDivision = TIM_CLOCKDIVISION_DIV1;
      |                              ^~~~~~~~~~~~~~~~~~~~~~
../Core/Src/main.c:188:8: error: request for member 'Init' in something not a structure or union
  188 |   htim2.Init.AutoReloadPreload = TIM_AUTORELOAD_PRELOAD_DISABLE;
      |        ^
../Core/Src/main.c:188:34: error: 'TIM_AUTORELOAD_PRELOAD_DISABLE' undeclared (first use in this function)
  188 |   htim2.Init.AutoReloadPreload = TIM_AUTORELOAD_PRELOAD_DISABLE;
      |                                  ^~~~~~~~~~~~~~~~~~~~~~~~~~~~~~
../Core/Src/main.c:189:7: warning: implicit declaration of function 'HAL_TIM_Base_Init' [-Wimplicit-function-declaration]
  189 |   if (HAL_TIM_Base_Init(&htim2) != HAL_OK)
      |       ^~~~~~~~~~~~~~~~~
../Core/Src/main.c:193:21: error: request for member 'ClockSource' in something not a structure or union
  193 |   sClockSourceConfig.ClockSource = TIM_CLOCKSOURCE_INTERNAL;
      |                     ^
../Core/Src/main.c:193:36: error: 'TIM_CLOCKSOURCE_INTERNAL' undeclared (first use in this function)
  193 |   sClockSourceConfig.ClockSource = TIM_CLOCKSOURCE_INTERNAL;
      |                                    ^~~~~~~~~~~~~~~~~~~~~~~~
../Core/Src/main.c:194:7: warning: implicit declaration of function 'HAL_TIM_ConfigClockSource' [-Wimplicit-function-declaration]
  194 |   if (HAL_TIM_ConfigClockSource(&htim2, &sClockSourceConfig) != HAL_OK)
      |       ^~~~~~~~~~~~~~~~~~~~~~~~~
../Core/Src/main.c:198:16: error: request for member 'MasterOutputTrigger' in something not a structure or union
  198 |   sMasterConfig.MasterOutputTrigger = TIM_TRGO_RESET;
      |                ^
../Core/Src/main.c:198:39: error: 'TIM_TRGO_RESET' undeclared (first use in this function)
  198 |   sMasterConfig.MasterOutputTrigger = TIM_TRGO_RESET;
      |                                       ^~~~~~~~~~~~~~
../Core/Src/main.c:199:16: error: request for member 'MasterSlaveMode' in something not a structure or union
  199 |   sMasterConfig.MasterSlaveMode = TIM_MASTERSLAVEMODE_DISABLE;
      |                ^
../Core/Src/main.c:199:35: error: 'TIM_MASTERSLAVEMODE_DISABLE' undeclared (first use in this function)
  199 |   sMasterConfig.MasterSlaveMode = TIM_MASTERSLAVEMODE_DISABLE;
      |                                   ^~~~~~~~~~~~~~~~~~~~~~~~~~~
../Core/Src/main.c:200:7: warning: implicit declaration of function 'HAL_TIMEx_MasterConfigSynchronization'; did you mean 'HAL_TIM_SlaveConfigSynchronization'? [-Wimplicit-function-declaration]
  200 |   if (HAL_TIMEx_MasterConfigSynchronization(&htim2, &sMasterConfig) != HAL_OK)
      |       ^~~~~~~~~~~~~~~~~~~~~~~~~~~~~~~~~~~~~
      |       HAL_TIM_SlaveConfigSynchronization
../Core/Src/main.c: In function 'MX_GPIO_Init':
../Core/Src/main.c:225:55: error: 'LED_RED_Pin' undeclared (first use in this function)
  225 |                           |SEG4_Pin|SEG5_Pin|SEG6_Pin|LED_RED_Pin
      |                                                       ^~~~~~~~~~~
make: *** [Core/Src/subdir.mk:49: Core/Src/main.o] Error 1
"make -j12 all" terminated with exit code 2. Build might be incomplete.
23:25:19 **** Incremental Build of configuration Debug for project lab3 ****
make -j12 all 
arm-none-eabi-gcc "../Core/Src/main.c" -mcpu=cortex-m3 -std=gnu11 -g3 -DDEBUG -DUSE_HAL_DRIVER -DSTM32F103x6 -c -I../Core/Inc -I../Drivers/STM32F1xx_HAL_Driver/Inc -I../Drivers/STM32F1xx_HAL_Driver/Inc/Legacy -I../Drivers/CMSIS/Device/ST/STM32F1xx/Include -I../Drivers/CMSIS/Include -O0 -ffunction-sections -fdata-sections -Wall -fstack-usage -MMD -MP -MF"Core/Src/main.d" -MT"Core/Src/main.o" --specs=nano.specs -mfloat-abi=soft -mthumb -o "Core/Src/main.o"
arm-none-eabi-gcc "../Core/Src/timer.c" -mcpu=cortex-m3 -std=gnu11 -g3 -DDEBUG -DUSE_HAL_DRIVER -DSTM32F103x6 -c -I../Core/Inc -I../Drivers/STM32F1xx_HAL_Driver/Inc -I../Drivers/STM32F1xx_HAL_Driver/Inc/Legacy -I../Drivers/CMSIS/Device/ST/STM32F1xx/Include -I../Drivers/CMSIS/Include -O0 -ffunction-sections -fdata-sections -Wall -fstack-usage -MMD -MP -MF"Core/Src/timer.d" -MT"Core/Src/timer.o" --specs=nano.specs -mfloat-abi=soft -mthumb -o "Core/Src/timer.o"
../Core/Src/main.c:45:2: error: unknown type name 'TIM_HandleTypeDef'; did you mean 'DMA_HandleTypeDef'?
   45 |  TIM_HandleTypeDef htim2;
      |  ^~~~~~~~~~~~~~~~~
      |  DMA_HandleTypeDef
../Core/Src/timer.c:67:36: error: unknown type name 'TIM_HandleTypeDef'; did you mean 'DMA_HandleTypeDef'?
   67 | void HAL_TIM_PeriodElapsedCallback(TIM_HandleTypeDef *htim) {
      |                                    ^~~~~~~~~~~~~~~~~
      |                                    DMA_HandleTypeDef
make: *** [Core/Src/subdir.mk:49: Core/Src/timer.o] Error 1
make: *** Waiting for unfinished jobs....
../Core/Src/main.c: In function 'main':
../Core/Src/main.c:94:3: warning: implicit declaration of function 'HAL_TIM_Base_Start_IT'; did you mean 'HAL_DMA_Start_IT'? [-Wimplicit-function-declaration]
   94 |   HAL_TIM_Base_Start_IT(&htim2);
      |   ^~~~~~~~~~~~~~~~~~~~~
      |   HAL_DMA_Start_IT
../Core/Src/main.c:117:24: error: 'LED_RED_GPIO_Port' undeclared (first use in this function); did you mean 'MODE_GPIO_Port'?
  117 |     HAL_GPIO_TogglePin(LED_RED_GPIO_Port, LED_RED_Pin);
      |                        ^~~~~~~~~~~~~~~~~
      |                        MODE_GPIO_Port
../Core/Src/main.c:117:24: note: each undeclared identifier is reported only once for each function it appears in
../Core/Src/main.c:117:43: error: 'LED_RED_Pin' undeclared (first use in this function)
  117 |     HAL_GPIO_TogglePin(LED_RED_GPIO_Port, LED_RED_Pin);
      |                                           ^~~~~~~~~~~
../Core/Src/main.c: In function 'MX_TIM2_Init':
../Core/Src/main.c:177:3: error: unknown type name 'TIM_ClockConfigTypeDef'; did you mean 'EXTI_ConfigTypeDef'?
  177 |   TIM_ClockConfigTypeDef sClockSourceConfig = {0};
      |   ^~~~~~~~~~~~~~~~~~~~~~
      |   EXTI_ConfigTypeDef
../Core/Src/main.c:178:3: error: unknown type name 'TIM_MasterConfigTypeDef'
  178 |   TIM_MasterConfigTypeDef sMasterConfig = {0};
      |   ^~~~~~~~~~~~~~~~~~~~~~~
../Core/Src/main.c:183:8: error: request for member 'Instance' in something not a structure or union
  183 |   htim2.Instance = TIM2;
      |        ^
../Core/Src/main.c:184:8: error: request for member 'Init' in something not a structure or union
  184 |   htim2.Init.Prescaler = 799;
      |        ^
../Core/Src/main.c:185:8: error: request for member 'Init' in something not a structure or union
  185 |   htim2.Init.CounterMode = TIM_COUNTERMODE_UP;
      |        ^
../Core/Src/main.c:185:28: error: 'TIM_COUNTERMODE_UP' undeclared (first use in this function)
  185 |   htim2.Init.CounterMode = TIM_COUNTERMODE_UP;
      |                            ^~~~~~~~~~~~~~~~~~
../Core/Src/main.c:186:8: error: request for member 'Init' in something not a structure or union
  186 |   htim2.Init.Period = 9;
      |        ^
../Core/Src/main.c:187:8: error: request for member 'Init' in something not a structure or union
  187 |   htim2.Init.ClockDivision = TIM_CLOCKDIVISION_DIV1;
      |        ^
../Core/Src/main.c:187:30: error: 'TIM_CLOCKDIVISION_DIV1' undeclared (first use in this function)
  187 |   htim2.Init.ClockDivision = TIM_CLOCKDIVISION_DIV1;
      |                              ^~~~~~~~~~~~~~~~~~~~~~
../Core/Src/main.c:188:8: error: request for member 'Init' in something not a structure or union
  188 |   htim2.Init.AutoReloadPreload = TIM_AUTORELOAD_PRELOAD_DISABLE;
      |        ^
../Core/Src/main.c:188:34: error: 'TIM_AUTORELOAD_PRELOAD_DISABLE' undeclared (first use in this function)
  188 |   htim2.Init.AutoReloadPreload = TIM_AUTORELOAD_PRELOAD_DISABLE;
      |                                  ^~~~~~~~~~~~~~~~~~~~~~~~~~~~~~
../Core/Src/main.c:189:7: warning: implicit declaration of function 'HAL_TIM_Base_Init' [-Wimplicit-function-declaration]
  189 |   if (HAL_TIM_Base_Init(&htim2) != HAL_OK)
      |       ^~~~~~~~~~~~~~~~~
../Core/Src/main.c:193:21: error: request for member 'ClockSource' in something not a structure or union
  193 |   sClockSourceConfig.ClockSource = TIM_CLOCKSOURCE_INTERNAL;
      |                     ^
../Core/Src/main.c:193:36: error: 'TIM_CLOCKSOURCE_INTERNAL' undeclared (first use in this function)
  193 |   sClockSourceConfig.ClockSource = TIM_CLOCKSOURCE_INTERNAL;
      |                                    ^~~~~~~~~~~~~~~~~~~~~~~~
../Core/Src/main.c:194:7: warning: implicit declaration of function 'HAL_TIM_ConfigClockSource' [-Wimplicit-function-declaration]
  194 |   if (HAL_TIM_ConfigClockSource(&htim2, &sClockSourceConfig) != HAL_OK)
      |       ^~~~~~~~~~~~~~~~~~~~~~~~~
../Core/Src/main.c:198:16: error: request for member 'MasterOutputTrigger' in something not a structure or union
  198 |   sMasterConfig.MasterOutputTrigger = TIM_TRGO_RESET;
      |                ^
../Core/Src/main.c:198:39: error: 'TIM_TRGO_RESET' undeclared (first use in this function)
  198 |   sMasterConfig.MasterOutputTrigger = TIM_TRGO_RESET;
      |                                       ^~~~~~~~~~~~~~
../Core/Src/main.c:199:16: error: request for member 'MasterSlaveMode' in something not a structure or union
  199 |   sMasterConfig.MasterSlaveMode = TIM_MASTERSLAVEMODE_DISABLE;
      |                ^
../Core/Src/main.c:199:35: error: 'TIM_MASTERSLAVEMODE_DISABLE' undeclared (first use in this function)
  199 |   sMasterConfig.MasterSlaveMode = TIM_MASTERSLAVEMODE_DISABLE;
      |                                   ^~~~~~~~~~~~~~~~~~~~~~~~~~~
../Core/Src/main.c:200:7: warning: implicit declaration of function 'HAL_TIMEx_MasterConfigSynchronization'; did you mean 'HAL_TIM_SlaveConfigSynchronization'? [-Wimplicit-function-declaration]
  200 |   if (HAL_TIMEx_MasterConfigSynchronization(&htim2, &sMasterConfig) != HAL_OK)
      |       ^~~~~~~~~~~~~~~~~~~~~~~~~~~~~~~~~~~~~
      |       HAL_TIM_SlaveConfigSynchronization
../Core/Src/main.c: In function 'MX_GPIO_Init':
../Core/Src/main.c:225:55: error: 'LED_RED_Pin' undeclared (first use in this function)
  225 |                           |SEG4_Pin|SEG5_Pin|SEG6_Pin|LED_RED_Pin
      |                                                       ^~~~~~~~~~~
make: *** [Core/Src/subdir.mk:49: Core/Src/main.o] Error 1
"make -j12 all" terminated with exit code 2. Build might be incomplete.
23:33:37 **** Incremental Build of configuration Debug for project lab3 ****
make -j12 all 
arm-none-eabi-gcc "../Core/Src/main.c" -mcpu=cortex-m3 -std=gnu11 -g3 -DDEBUG -DUSE_HAL_DRIVER -DSTM32F103x6 -c -I../Core/Inc -I../Drivers/STM32F1xx_HAL_Driver/Inc -I../Drivers/STM32F1xx_HAL_Driver/Inc/Legacy -I../Drivers/CMSIS/Device/ST/STM32F1xx/Include -I../Drivers/CMSIS/Include -O0 -ffunction-sections -fdata-sections -Wall -fstack-usage -MMD -MP -MF"Core/Src/main.d" -MT"Core/Src/main.o" --specs=nano.specs -mfloat-abi=soft -mthumb -o "Core/Src/main.o"
arm-none-eabi-gcc "../Core/Src/timer.c" -mcpu=cortex-m3 -std=gnu11 -g3 -DDEBUG -DUSE_HAL_DRIVER -DSTM32F103x6 -c -I../Core/Inc -I../Drivers/STM32F1xx_HAL_Driver/Inc -I../Drivers/STM32F1xx_HAL_Driver/Inc/Legacy -I../Drivers/CMSIS/Device/ST/STM32F1xx/Include -I../Drivers/CMSIS/Include -O0 -ffunction-sections -fdata-sections -Wall -fstack-usage -MMD -MP -MF"Core/Src/timer.d" -MT"Core/Src/timer.o" --specs=nano.specs -mfloat-abi=soft -mthumb -o "Core/Src/timer.o"
../Core/Src/main.c:45:1: error: unknown type name 'TIM_HandleTypeDef'; did you mean 'DMA_HandleTypeDef'?
   45 | TIM_HandleTypeDef htim2;
      | ^~~~~~~~~~~~~~~~~
      | DMA_HandleTypeDef
../Core/Src/timer.c:67:36: error: unknown type name 'TIM_HandleTypeDef'; did you mean 'DMA_HandleTypeDef'?
   67 | void HAL_TIM_PeriodElapsedCallback(TIM_HandleTypeDef *htim) {
      |                                    ^~~~~~~~~~~~~~~~~
      |                                    DMA_HandleTypeDef
../Core/Src/main.c: In function 'main':
../Core/Src/main.c:94:3: warning: implicit declaration of function 'HAL_TIM_Base_Start_IT'; did you mean 'HAL_DMA_Start_IT'? [-Wimplicit-function-declaration]
   94 |   HAL_TIM_Base_Start_IT(&htim2);
      |   ^~~~~~~~~~~~~~~~~~~~~
      |   HAL_DMA_Start_IT
make: *** [Core/Src/subdir.mk:49: Core/Src/timer.o] Error 1
make: *** Waiting for unfinished jobs....
../Core/Src/main.c:117:24: error: 'LED_RED_GPIO_Port' undeclared (first use in this function); did you mean 'MODE_GPIO_Port'?
  117 |     HAL_GPIO_TogglePin(LED_RED_GPIO_Port, LED_RED_Pin);
      |                        ^~~~~~~~~~~~~~~~~
      |                        MODE_GPIO_Port
../Core/Src/main.c:117:24: note: each undeclared identifier is reported only once for each function it appears in
../Core/Src/main.c:117:43: error: 'LED_RED_Pin' undeclared (first use in this function)
  117 |     HAL_GPIO_TogglePin(LED_RED_GPIO_Port, LED_RED_Pin);
      |                                           ^~~~~~~~~~~
../Core/Src/main.c: In function 'MX_TIM2_Init':
../Core/Src/main.c:177:3: error: unknown type name 'TIM_ClockConfigTypeDef'; did you mean 'EXTI_ConfigTypeDef'?
  177 |   TIM_ClockConfigTypeDef sClockSourceConfig = {0};
      |   ^~~~~~~~~~~~~~~~~~~~~~
      |   EXTI_ConfigTypeDef
../Core/Src/main.c:178:3: error: unknown type name 'TIM_MasterConfigTypeDef'
  178 |   TIM_MasterConfigTypeDef sMasterConfig = {0};
      |   ^~~~~~~~~~~~~~~~~~~~~~~
../Core/Src/main.c:183:8: error: request for member 'Instance' in something not a structure or union
  183 |   htim2.Instance = TIM2;
      |        ^
../Core/Src/main.c:184:8: error: request for member 'Init' in something not a structure or union
  184 |   htim2.Init.Prescaler = 799;
      |        ^
../Core/Src/main.c:185:8: error: request for member 'Init' in something not a structure or union
  185 |   htim2.Init.CounterMode = TIM_COUNTERMODE_UP;
      |        ^
../Core/Src/main.c:185:28: error: 'TIM_COUNTERMODE_UP' undeclared (first use in this function)
  185 |   htim2.Init.CounterMode = TIM_COUNTERMODE_UP;
      |                            ^~~~~~~~~~~~~~~~~~
../Core/Src/main.c:186:8: error: request for member 'Init' in something not a structure or union
  186 |   htim2.Init.Period = 9;
      |        ^
../Core/Src/main.c:187:8: error: request for member 'Init' in something not a structure or union
  187 |   htim2.Init.ClockDivision = TIM_CLOCKDIVISION_DIV1;
      |        ^
../Core/Src/main.c:187:30: error: 'TIM_CLOCKDIVISION_DIV1' undeclared (first use in this function)
  187 |   htim2.Init.ClockDivision = TIM_CLOCKDIVISION_DIV1;
      |                              ^~~~~~~~~~~~~~~~~~~~~~
../Core/Src/main.c:188:8: error: request for member 'Init' in something not a structure or union
  188 |   htim2.Init.AutoReloadPreload = TIM_AUTORELOAD_PRELOAD_DISABLE;
      |        ^
../Core/Src/main.c:188:34: error: 'TIM_AUTORELOAD_PRELOAD_DISABLE' undeclared (first use in this function)
  188 |   htim2.Init.AutoReloadPreload = TIM_AUTORELOAD_PRELOAD_DISABLE;
      |                                  ^~~~~~~~~~~~~~~~~~~~~~~~~~~~~~
../Core/Src/main.c:189:7: warning: implicit declaration of function 'HAL_TIM_Base_Init' [-Wimplicit-function-declaration]
  189 |   if (HAL_TIM_Base_Init(&htim2) != HAL_OK)
      |       ^~~~~~~~~~~~~~~~~
../Core/Src/main.c:193:21: error: request for member 'ClockSource' in something not a structure or union
  193 |   sClockSourceConfig.ClockSource = TIM_CLOCKSOURCE_INTERNAL;
      |                     ^
../Core/Src/main.c:193:36: error: 'TIM_CLOCKSOURCE_INTERNAL' undeclared (first use in this function)
  193 |   sClockSourceConfig.ClockSource = TIM_CLOCKSOURCE_INTERNAL;
      |                                    ^~~~~~~~~~~~~~~~~~~~~~~~
../Core/Src/main.c:194:7: warning: implicit declaration of function 'HAL_TIM_ConfigClockSource' [-Wimplicit-function-declaration]
  194 |   if (HAL_TIM_ConfigClockSource(&htim2, &sClockSourceConfig) != HAL_OK)
      |       ^~~~~~~~~~~~~~~~~~~~~~~~~
../Core/Src/main.c:198:16: error: request for member 'MasterOutputTrigger' in something not a structure or union
  198 |   sMasterConfig.MasterOutputTrigger = TIM_TRGO_RESET;
      |                ^
../Core/Src/main.c:198:39: error: 'TIM_TRGO_RESET' undeclared (first use in this function)
  198 |   sMasterConfig.MasterOutputTrigger = TIM_TRGO_RESET;
      |                                       ^~~~~~~~~~~~~~
../Core/Src/main.c:199:16: error: request for member 'MasterSlaveMode' in something not a structure or union
  199 |   sMasterConfig.MasterSlaveMode = TIM_MASTERSLAVEMODE_DISABLE;
      |                ^
../Core/Src/main.c:199:35: error: 'TIM_MASTERSLAVEMODE_DISABLE' undeclared (first use in this function)
  199 |   sMasterConfig.MasterSlaveMode = TIM_MASTERSLAVEMODE_DISABLE;
      |                                   ^~~~~~~~~~~~~~~~~~~~~~~~~~~
../Core/Src/main.c:200:7: warning: implicit declaration of function 'HAL_TIMEx_MasterConfigSynchronization'; did you mean 'HAL_TIM_SlaveConfigSynchronization'? [-Wimplicit-function-declaration]
  200 |   if (HAL_TIMEx_MasterConfigSynchronization(&htim2, &sMasterConfig) != HAL_OK)
      |       ^~~~~~~~~~~~~~~~~~~~~~~~~~~~~~~~~~~~~
      |       HAL_TIM_SlaveConfigSynchronization
../Core/Src/main.c: In function 'MX_GPIO_Init':
../Core/Src/main.c:225:55: error: 'LED_RED_Pin' undeclared (first use in this function)
  225 |                           |SEG4_Pin|SEG5_Pin|SEG6_Pin|LED_RED_Pin
      |                                                       ^~~~~~~~~~~
make: *** [Core/Src/subdir.mk:49: Core/Src/main.o] Error 1
"make -j12 all" terminated with exit code 2. Build might be incomplete.
23:39:57 **** Incremental Build of configuration Debug for project lab3 ****
make -j12 all 
arm-none-eabi-gcc "../Drivers/STM32F1xx_HAL_Driver/Src/stm32f1xx_hal.c" -mcpu=cortex-m3 -std=gnu11 -g3 -DDEBUG -DUSE_HAL_DRIVER -DSTM32F103x6 -c -I../Core/Inc -I../Drivers/STM32F1xx_HAL_Driver/Inc -I../Drivers/STM32F1xx_HAL_Driver/Inc/Legacy -I../Drivers/CMSIS/Device/ST/STM32F1xx/Include -I../Drivers/CMSIS/Include -O0 -ffunction-sections -fdata-sections -Wall -fstack-usage -MMD -MP -MF"Drivers/STM32F1xx_HAL_Driver/Src/stm32f1xx_hal.d" -MT"Drivers/STM32F1xx_HAL_Driver/Src/stm32f1xx_hal.o" --specs=nano.specs -mfloat-abi=soft -mthumb -o "Drivers/STM32F1xx_HAL_Driver/Src/stm32f1xx_hal.o"
arm-none-eabi-gcc "../Drivers/STM32F1xx_HAL_Driver/Src/stm32f1xx_hal_cortex.c" -mcpu=cortex-m3 -std=gnu11 -g3 -DDEBUG -DUSE_HAL_DRIVER -DSTM32F103x6 -c -I../Core/Inc -I../Drivers/STM32F1xx_HAL_Driver/Inc -I../Drivers/STM32F1xx_HAL_Driver/Inc/Legacy -I../Drivers/CMSIS/Device/ST/STM32F1xx/Include -I../Drivers/CMSIS/Include -O0 -ffunction-sections -fdata-sections -Wall -fstack-usage -MMD -MP -MF"Drivers/STM32F1xx_HAL_Driver/Src/stm32f1xx_hal_cortex.d" -MT"Drivers/STM32F1xx_HAL_Driver/Src/stm32f1xx_hal_cortex.o" --specs=nano.specs -mfloat-abi=soft -mthumb -o "Drivers/STM32F1xx_HAL_Driver/Src/stm32f1xx_hal_cortex.o"
arm-none-eabi-gcc "../Drivers/STM32F1xx_HAL_Driver/Src/stm32f1xx_hal_dma.c" -mcpu=cortex-m3 -std=gnu11 -g3 -DDEBUG -DUSE_HAL_DRIVER -DSTM32F103x6 -c -I../Core/Inc -I../Drivers/STM32F1xx_HAL_Driver/Inc -I../Drivers/STM32F1xx_HAL_Driver/Inc/Legacy -I../Drivers/CMSIS/Device/ST/STM32F1xx/Include -I../Drivers/CMSIS/Include -O0 -ffunction-sections -fdata-sections -Wall -fstack-usage -MMD -MP -MF"Drivers/STM32F1xx_HAL_Driver/Src/stm32f1xx_hal_dma.d" -MT"Drivers/STM32F1xx_HAL_Driver/Src/stm32f1xx_hal_dma.o" --specs=nano.specs -mfloat-abi=soft -mthumb -o "Drivers/STM32F1xx_HAL_Driver/Src/stm32f1xx_hal_dma.o"
arm-none-eabi-gcc "../Drivers/STM32F1xx_HAL_Driver/Src/stm32f1xx_hal_exti.c" -mcpu=cortex-m3 -std=gnu11 -g3 -DDEBUG -DUSE_HAL_DRIVER -DSTM32F103x6 -c -I../Core/Inc -I../Drivers/STM32F1xx_HAL_Driver/Inc -I../Drivers/STM32F1xx_HAL_Driver/Inc/Legacy -I../Drivers/CMSIS/Device/ST/STM32F1xx/Include -I../Drivers/CMSIS/Include -O0 -ffunction-sections -fdata-sections -Wall -fstack-usage -MMD -MP -MF"Drivers/STM32F1xx_HAL_Driver/Src/stm32f1xx_hal_exti.d" -MT"Drivers/STM32F1xx_HAL_Driver/Src/stm32f1xx_hal_exti.o" --specs=nano.specs -mfloat-abi=soft -mthumb -o "Drivers/STM32F1xx_HAL_Driver/Src/stm32f1xx_hal_exti.o"
arm-none-eabi-gcc "../Drivers/STM32F1xx_HAL_Driver/Src/stm32f1xx_hal_flash.c" -mcpu=cortex-m3 -std=gnu11 -g3 -DDEBUG -DUSE_HAL_DRIVER -DSTM32F103x6 -c -I../Core/Inc -I../Drivers/STM32F1xx_HAL_Driver/Inc -I../Drivers/STM32F1xx_HAL_Driver/Inc/Legacy -I../Drivers/CMSIS/Device/ST/STM32F1xx/Include -I../Drivers/CMSIS/Include -O0 -ffunction-sections -fdata-sections -Wall -fstack-usage -MMD -MP -MF"Drivers/STM32F1xx_HAL_Driver/Src/stm32f1xx_hal_flash.d" -MT"Drivers/STM32F1xx_HAL_Driver/Src/stm32f1xx_hal_flash.o" --specs=nano.specs -mfloat-abi=soft -mthumb -o "Drivers/STM32F1xx_HAL_Driver/Src/stm32f1xx_hal_flash.o"
arm-none-eabi-gcc "../Drivers/STM32F1xx_HAL_Driver/Src/stm32f1xx_hal_flash_ex.c" -mcpu=cortex-m3 -std=gnu11 -g3 -DDEBUG -DUSE_HAL_DRIVER -DSTM32F103x6 -c -I../Core/Inc -I../Drivers/STM32F1xx_HAL_Driver/Inc -I../Drivers/STM32F1xx_HAL_Driver/Inc/Legacy -I../Drivers/CMSIS/Device/ST/STM32F1xx/Include -I../Drivers/CMSIS/Include -O0 -ffunction-sections -fdata-sections -Wall -fstack-usage -MMD -MP -MF"Drivers/STM32F1xx_HAL_Driver/Src/stm32f1xx_hal_flash_ex.d" -MT"Drivers/STM32F1xx_HAL_Driver/Src/stm32f1xx_hal_flash_ex.o" --specs=nano.specs -mfloat-abi=soft -mthumb -o "Drivers/STM32F1xx_HAL_Driver/Src/stm32f1xx_hal_flash_ex.o"
arm-none-eabi-gcc "../Drivers/STM32F1xx_HAL_Driver/Src/stm32f1xx_hal_gpio.c" -mcpu=cortex-m3 -std=gnu11 -g3 -DDEBUG -DUSE_HAL_DRIVER -DSTM32F103x6 -c -I../Core/Inc -I../Drivers/STM32F1xx_HAL_Driver/Inc -I../Drivers/STM32F1xx_HAL_Driver/Inc/Legacy -I../Drivers/CMSIS/Device/ST/STM32F1xx/Include -I../Drivers/CMSIS/Include -O0 -ffunction-sections -fdata-sections -Wall -fstack-usage -MMD -MP -MF"Drivers/STM32F1xx_HAL_Driver/Src/stm32f1xx_hal_gpio.d" -MT"Drivers/STM32F1xx_HAL_Driver/Src/stm32f1xx_hal_gpio.o" --specs=nano.specs -mfloat-abi=soft -mthumb -o "Drivers/STM32F1xx_HAL_Driver/Src/stm32f1xx_hal_gpio.o"
arm-none-eabi-gcc "../Drivers/STM32F1xx_HAL_Driver/Src/stm32f1xx_hal_gpio_ex.c" -mcpu=cortex-m3 -std=gnu11 -g3 -DDEBUG -DUSE_HAL_DRIVER -DSTM32F103x6 -c -I../Core/Inc -I../Drivers/STM32F1xx_HAL_Driver/Inc -I../Drivers/STM32F1xx_HAL_Driver/Inc/Legacy -I../Drivers/CMSIS/Device/ST/STM32F1xx/Include -I../Drivers/CMSIS/Include -O0 -ffunction-sections -fdata-sections -Wall -fstack-usage -MMD -MP -MF"Drivers/STM32F1xx_HAL_Driver/Src/stm32f1xx_hal_gpio_ex.d" -MT"Drivers/STM32F1xx_HAL_Driver/Src/stm32f1xx_hal_gpio_ex.o" --specs=nano.specs -mfloat-abi=soft -mthumb -o "Drivers/STM32F1xx_HAL_Driver/Src/stm32f1xx_hal_gpio_ex.o"
arm-none-eabi-gcc "../Drivers/STM32F1xx_HAL_Driver/Src/stm32f1xx_hal_pwr.c" -mcpu=cortex-m3 -std=gnu11 -g3 -DDEBUG -DUSE_HAL_DRIVER -DSTM32F103x6 -c -I../Core/Inc -I../Drivers/STM32F1xx_HAL_Driver/Inc -I../Drivers/STM32F1xx_HAL_Driver/Inc/Legacy -I../Drivers/CMSIS/Device/ST/STM32F1xx/Include -I../Drivers/CMSIS/Include -O0 -ffunction-sections -fdata-sections -Wall -fstack-usage -MMD -MP -MF"Drivers/STM32F1xx_HAL_Driver/Src/stm32f1xx_hal_pwr.d" -MT"Drivers/STM32F1xx_HAL_Driver/Src/stm32f1xx_hal_pwr.o" --specs=nano.specs -mfloat-abi=soft -mthumb -o "Drivers/STM32F1xx_HAL_Driver/Src/stm32f1xx_hal_pwr.o"
arm-none-eabi-gcc "../Drivers/STM32F1xx_HAL_Driver/Src/stm32f1xx_hal_rcc.c" -mcpu=cortex-m3 -std=gnu11 -g3 -DDEBUG -DUSE_HAL_DRIVER -DSTM32F103x6 -c -I../Core/Inc -I../Drivers/STM32F1xx_HAL_Driver/Inc -I../Drivers/STM32F1xx_HAL_Driver/Inc/Legacy -I../Drivers/CMSIS/Device/ST/STM32F1xx/Include -I../Drivers/CMSIS/Include -O0 -ffunction-sections -fdata-sections -Wall -fstack-usage -MMD -MP -MF"Drivers/STM32F1xx_HAL_Driver/Src/stm32f1xx_hal_rcc.d" -MT"Drivers/STM32F1xx_HAL_Driver/Src/stm32f1xx_hal_rcc.o" --specs=nano.specs -mfloat-abi=soft -mthumb -o "Drivers/STM32F1xx_HAL_Driver/Src/stm32f1xx_hal_rcc.o"
arm-none-eabi-gcc "../Drivers/STM32F1xx_HAL_Driver/Src/stm32f1xx_hal_rcc_ex.c" -mcpu=cortex-m3 -std=gnu11 -g3 -DDEBUG -DUSE_HAL_DRIVER -DSTM32F103x6 -c -I../Core/Inc -I../Drivers/STM32F1xx_HAL_Driver/Inc -I../Drivers/STM32F1xx_HAL_Driver/Inc/Legacy -I../Drivers/CMSIS/Device/ST/STM32F1xx/Include -I../Drivers/CMSIS/Include -O0 -ffunction-sections -fdata-sections -Wall -fstack-usage -MMD -MP -MF"Drivers/STM32F1xx_HAL_Driver/Src/stm32f1xx_hal_rcc_ex.d" -MT"Drivers/STM32F1xx_HAL_Driver/Src/stm32f1xx_hal_rcc_ex.o" --specs=nano.specs -mfloat-abi=soft -mthumb -o "Drivers/STM32F1xx_HAL_Driver/Src/stm32f1xx_hal_rcc_ex.o"
arm-none-eabi-gcc "../Drivers/STM32F1xx_HAL_Driver/Src/stm32f1xx_hal_tim.c" -mcpu=cortex-m3 -std=gnu11 -g3 -DDEBUG -DUSE_HAL_DRIVER -DSTM32F103x6 -c -I../Core/Inc -I../Drivers/STM32F1xx_HAL_Driver/Inc -I../Drivers/STM32F1xx_HAL_Driver/Inc/Legacy -I../Drivers/CMSIS/Device/ST/STM32F1xx/Include -I../Drivers/CMSIS/Include -O0 -ffunction-sections -fdata-sections -Wall -fstack-usage -MMD -MP -MF"Drivers/STM32F1xx_HAL_Driver/Src/stm32f1xx_hal_tim.d" -MT"Drivers/STM32F1xx_HAL_Driver/Src/stm32f1xx_hal_tim.o" --specs=nano.specs -mfloat-abi=soft -mthumb -o "Drivers/STM32F1xx_HAL_Driver/Src/stm32f1xx_hal_tim.o"
arm-none-eabi-gcc "../Drivers/STM32F1xx_HAL_Driver/Src/stm32f1xx_hal_tim_ex.c" -mcpu=cortex-m3 -std=gnu11 -g3 -DDEBUG -DUSE_HAL_DRIVER -DSTM32F103x6 -c -I../Core/Inc -I../Drivers/STM32F1xx_HAL_Driver/Inc -I../Drivers/STM32F1xx_HAL_Driver/Inc/Legacy -I../Drivers/CMSIS/Device/ST/STM32F1xx/Include -I../Drivers/CMSIS/Include -O0 -ffunction-sections -fdata-sections -Wall -fstack-usage -MMD -MP -MF"Drivers/STM32F1xx_HAL_Driver/Src/stm32f1xx_hal_tim_ex.d" -MT"Drivers/STM32F1xx_HAL_Driver/Src/stm32f1xx_hal_tim_ex.o" --specs=nano.specs -mfloat-abi=soft -mthumb -o "Drivers/STM32F1xx_HAL_Driver/Src/stm32f1xx_hal_tim_ex.o"
arm-none-eabi-gcc "../Core/Src/input_processing.c" -mcpu=cortex-m3 -std=gnu11 -g3 -DDEBUG -DUSE_HAL_DRIVER -DSTM32F103x6 -c -I../Core/Inc -I../Drivers/STM32F1xx_HAL_Driver/Inc -I../Drivers/STM32F1xx_HAL_Driver/Inc/Legacy -I../Drivers/CMSIS/Device/ST/STM32F1xx/Include -I../Drivers/CMSIS/Include -O0 -ffunction-sections -fdata-sections -Wall -fstack-usage -MMD -MP -MF"Core/Src/input_processing.d" -MT"Core/Src/input_processing.o" --specs=nano.specs -mfloat-abi=soft -mthumb -o "Core/Src/input_processing.o"
arm-none-eabi-gcc "../Core/Src/input_reading.c" -mcpu=cortex-m3 -std=gnu11 -g3 -DDEBUG -DUSE_HAL_DRIVER -DSTM32F103x6 -c -I../Core/Inc -I../Drivers/STM32F1xx_HAL_Driver/Inc -I../Drivers/STM32F1xx_HAL_Driver/Inc/Legacy -I../Drivers/CMSIS/Device/ST/STM32F1xx/Include -I../Drivers/CMSIS/Include -O0 -ffunction-sections -fdata-sections -Wall -fstack-usage -MMD -MP -MF"Core/Src/input_reading.d" -MT"Core/Src/input_reading.o" --specs=nano.specs -mfloat-abi=soft -mthumb -o "Core/Src/input_reading.o"
arm-none-eabi-gcc "../Core/Src/led_display.c" -mcpu=cortex-m3 -std=gnu11 -g3 -DDEBUG -DUSE_HAL_DRIVER -DSTM32F103x6 -c -I../Core/Inc -I../Drivers/STM32F1xx_HAL_Driver/Inc -I../Drivers/STM32F1xx_HAL_Driver/Inc/Legacy -I../Drivers/CMSIS/Device/ST/STM32F1xx/Include -I../Drivers/CMSIS/Include -O0 -ffunction-sections -fdata-sections -Wall -fstack-usage -MMD -MP -MF"Core/Src/led_display.d" -MT"Core/Src/led_display.o" --specs=nano.specs -mfloat-abi=soft -mthumb -o "Core/Src/led_display.o"
arm-none-eabi-gcc "../Core/Src/main.c" -mcpu=cortex-m3 -std=gnu11 -g3 -DDEBUG -DUSE_HAL_DRIVER -DSTM32F103x6 -c -I../Core/Inc -I../Drivers/STM32F1xx_HAL_Driver/Inc -I../Drivers/STM32F1xx_HAL_Driver/Inc/Legacy -I../Drivers/CMSIS/Device/ST/STM32F1xx/Include -I../Drivers/CMSIS/Include -O0 -ffunction-sections -fdata-sections -Wall -fstack-usage -MMD -MP -MF"Core/Src/main.d" -MT"Core/Src/main.o" --specs=nano.specs -mfloat-abi=soft -mthumb -o "Core/Src/main.o"
arm-none-eabi-gcc "../Core/Src/stm32f1xx_hal_msp.c" -mcpu=cortex-m3 -std=gnu11 -g3 -DDEBUG -DUSE_HAL_DRIVER -DSTM32F103x6 -c -I../Core/Inc -I../Drivers/STM32F1xx_HAL_Driver/Inc -I../Drivers/STM32F1xx_HAL_Driver/Inc/Legacy -I../Drivers/CMSIS/Device/ST/STM32F1xx/Include -I../Drivers/CMSIS/Include -O0 -ffunction-sections -fdata-sections -Wall -fstack-usage -MMD -MP -MF"Core/Src/stm32f1xx_hal_msp.d" -MT"Core/Src/stm32f1xx_hal_msp.o" --specs=nano.specs -mfloat-abi=soft -mthumb -o "Core/Src/stm32f1xx_hal_msp.o"
arm-none-eabi-gcc "../Core/Src/stm32f1xx_it.c" -mcpu=cortex-m3 -std=gnu11 -g3 -DDEBUG -DUSE_HAL_DRIVER -DSTM32F103x6 -c -I../Core/Inc -I../Drivers/STM32F1xx_HAL_Driver/Inc -I../Drivers/STM32F1xx_HAL_Driver/Inc/Legacy -I../Drivers/CMSIS/Device/ST/STM32F1xx/Include -I../Drivers/CMSIS/Include -O0 -ffunction-sections -fdata-sections -Wall -fstack-usage -MMD -MP -MF"Core/Src/stm32f1xx_it.d" -MT"Core/Src/stm32f1xx_it.o" --specs=nano.specs -mfloat-abi=soft -mthumb -o "Core/Src/stm32f1xx_it.o"
arm-none-eabi-gcc "../Core/Src/system_stm32f1xx.c" -mcpu=cortex-m3 -std=gnu11 -g3 -DDEBUG -DUSE_HAL_DRIVER -DSTM32F103x6 -c -I../Core/Inc -I../Drivers/STM32F1xx_HAL_Driver/Inc -I../Drivers/STM32F1xx_HAL_Driver/Inc/Legacy -I../Drivers/CMSIS/Device/ST/STM32F1xx/Include -I../Drivers/CMSIS/Include -O0 -ffunction-sections -fdata-sections -Wall -fstack-usage -MMD -MP -MF"Core/Src/system_stm32f1xx.d" -MT"Core/Src/system_stm32f1xx.o" --specs=nano.specs -mfloat-abi=soft -mthumb -o "Core/Src/system_stm32f1xx.o"
arm-none-eabi-gcc "../Core/Src/timer.c" -mcpu=cortex-m3 -std=gnu11 -g3 -DDEBUG -DUSE_HAL_DRIVER -DSTM32F103x6 -c -I../Core/Inc -I../Drivers/STM32F1xx_HAL_Driver/Inc -I../Drivers/STM32F1xx_HAL_Driver/Inc/Legacy -I../Drivers/CMSIS/Device/ST/STM32F1xx/Include -I../Drivers/CMSIS/Include -O0 -ffunction-sections -fdata-sections -Wall -fstack-usage -MMD -MP -MF"Core/Src/timer.d" -MT"Core/Src/timer.o" --specs=nano.specs -mfloat-abi=soft -mthumb -o "Core/Src/timer.o"
../Core/Src/main.c:45:1: error: unknown type name 'TIM_HandleTypeDef'; did you mean 'DMA_HandleTypeDef'?
   45 | TIM_HandleTypeDef htim2;
      | ^~~~~~~~~~~~~~~~~
      | DMA_HandleTypeDef
../Core/Src/timer.c:67:36: error: unknown type name 'TIM_HandleTypeDef'; did you mean 'DMA_HandleTypeDef'?
   67 | void HAL_TIM_PeriodElapsedCallback(TIM_HandleTypeDef *htim) {
      |                                    ^~~~~~~~~~~~~~~~~
      |                                    DMA_HandleTypeDef
../Core/Src/main.c: In function 'main':
../Core/Src/main.c:94:3: warning: implicit declaration of function 'HAL_TIM_Base_Start_IT'; did you mean 'HAL_DMA_Start_IT'? [-Wimplicit-function-declaration]
   94 |   HAL_TIM_Base_Start_IT(&htim2);
      |   ^~~~~~~~~~~~~~~~~~~~~
      |   HAL_DMA_Start_IT
../Core/Src/main.c: In function 'MX_TIM2_Init':
../Core/Src/main.c:177:3: error: unknown type name 'TIM_ClockConfigTypeDef'; did you mean 'EXTI_ConfigTypeDef'?
  177 |   TIM_ClockConfigTypeDef sClockSourceConfig = {0};
      |   ^~~~~~~~~~~~~~~~~~~~~~
      |   EXTI_ConfigTypeDef
../Core/Src/main.c:178:3: error: unknown type name 'TIM_MasterConfigTypeDef'
  178 |   TIM_MasterConfigTypeDef sMasterConfig = {0};
      |   ^~~~~~~~~~~~~~~~~~~~~~~
../Core/Src/main.c:183:8: error: request for member 'Instance' in something not a structure or union
  183 |   htim2.Instance = TIM2;
      |        ^
../Core/Src/main.c:184:8: error: request for member 'Init' in something not a structure or union
  184 |   htim2.Init.Prescaler = 799;
      |        ^
../Core/Src/main.c:185:8: error: request for member 'Init' in something not a structure or union
  185 |   htim2.Init.CounterMode = TIM_COUNTERMODE_UP;
      |        ^
../Core/Src/main.c:185:28: error: 'TIM_COUNTERMODE_UP' undeclared (first use in this function)
  185 |   htim2.Init.CounterMode = TIM_COUNTERMODE_UP;
      |                            ^~~~~~~~~~~~~~~~~~
../Core/Src/main.c:185:28: note: each undeclared identifier is reported only once for each function it appears in
../Core/Src/main.c:186:8: error: request for member 'Init' in something not a structure or union
  186 |   htim2.Init.Period = 9;
      |        ^
../Core/Src/main.c:187:8: error: request for member 'Init' in something not a structure or union
  187 |   htim2.Init.ClockDivision = TIM_CLOCKDIVISION_DIV1;
      |        ^
make: *** [Core/Src/subdir.mk:49: Core/Src/timer.o] Error 1
make: *** Waiting for unfinished jobs....
../Core/Src/main.c:187:30: error: 'TIM_CLOCKDIVISION_DIV1' undeclared (first use in this function)
  187 |   htim2.Init.ClockDivision = TIM_CLOCKDIVISION_DIV1;
      |                              ^~~~~~~~~~~~~~~~~~~~~~
../Core/Src/main.c:188:8: error: request for member 'Init' in something not a structure or union
  188 |   htim2.Init.AutoReloadPreload = TIM_AUTORELOAD_PRELOAD_DISABLE;
      |        ^
../Core/Src/main.c:188:34: error: 'TIM_AUTORELOAD_PRELOAD_DISABLE' undeclared (first use in this function)
  188 |   htim2.Init.AutoReloadPreload = TIM_AUTORELOAD_PRELOAD_DISABLE;
      |                                  ^~~~~~~~~~~~~~~~~~~~~~~~~~~~~~
../Core/Src/main.c:189:7: warning: implicit declaration of function 'HAL_TIM_Base_Init' [-Wimplicit-function-declaration]
  189 |   if (HAL_TIM_Base_Init(&htim2) != HAL_OK)
      |       ^~~~~~~~~~~~~~~~~
../Core/Src/main.c:193:21: error: request for member 'ClockSource' in something not a structure or union
  193 |   sClockSourceConfig.ClockSource = TIM_CLOCKSOURCE_INTERNAL;
      |                     ^
../Core/Src/main.c:193:36: error: 'TIM_CLOCKSOURCE_INTERNAL' undeclared (first use in this function)
  193 |   sClockSourceConfig.ClockSource = TIM_CLOCKSOURCE_INTERNAL;
      |                                    ^~~~~~~~~~~~~~~~~~~~~~~~
../Core/Src/main.c:194:7: warning: implicit declaration of function 'HAL_TIM_ConfigClockSource' [-Wimplicit-function-declaration]
  194 |   if (HAL_TIM_ConfigClockSource(&htim2, &sClockSourceConfig) != HAL_OK)
      |       ^~~~~~~~~~~~~~~~~~~~~~~~~
../Core/Src/main.c:198:16: error: request for member 'MasterOutputTrigger' in something not a structure or union
  198 |   sMasterConfig.MasterOutputTrigger = TIM_TRGO_RESET;
      |                ^
../Core/Src/main.c:198:39: error: 'TIM_TRGO_RESET' undeclared (first use in this function)
  198 |   sMasterConfig.MasterOutputTrigger = TIM_TRGO_RESET;
      |                                       ^~~~~~~~~~~~~~
../Core/Src/main.c:199:16: error: request for member 'MasterSlaveMode' in something not a structure or union
  199 |   sMasterConfig.MasterSlaveMode = TIM_MASTERSLAVEMODE_DISABLE;
      |                ^
../Core/Src/main.c:199:35: error: 'TIM_MASTERSLAVEMODE_DISABLE' undeclared (first use in this function)
  199 |   sMasterConfig.MasterSlaveMode = TIM_MASTERSLAVEMODE_DISABLE;
      |                                   ^~~~~~~~~~~~~~~~~~~~~~~~~~~
../Core/Src/main.c:200:7: warning: implicit declaration of function 'HAL_TIMEx_MasterConfigSynchronization'; did you mean 'HAL_TIM_SlaveConfigSynchronization'? [-Wimplicit-function-declaration]
  200 |   if (HAL_TIMEx_MasterConfigSynchronization(&htim2, &sMasterConfig) != HAL_OK)
      |       ^~~~~~~~~~~~~~~~~~~~~~~~~~~~~~~~~~~~~
      |       HAL_TIM_SlaveConfigSynchronization
make: *** [Core/Src/subdir.mk:49: Core/Src/main.o] Error 1
"make -j12 all" terminated with exit code 2. Build might be incomplete.
23:42:55 **** Incremental Build of configuration Debug for project lab3 ****
make -j12 all 
arm-none-eabi-gcc "../Drivers/STM32F1xx_HAL_Driver/Src/stm32f1xx_hal.c" -mcpu=cortex-m3 -std=gnu11 -g3 -DDEBUG -DUSE_HAL_DRIVER -DSTM32F103x6 -c -I../Core/Inc -I../Drivers/STM32F1xx_HAL_Driver/Inc -I../Drivers/STM32F1xx_HAL_Driver/Inc/Legacy -I../Drivers/CMSIS/Device/ST/STM32F1xx/Include -I../Drivers/CMSIS/Include -O0 -ffunction-sections -fdata-sections -Wall -fstack-usage -MMD -MP -MF"Drivers/STM32F1xx_HAL_Driver/Src/stm32f1xx_hal.d" -MT"Drivers/STM32F1xx_HAL_Driver/Src/stm32f1xx_hal.o" --specs=nano.specs -mfloat-abi=soft -mthumb -o "Drivers/STM32F1xx_HAL_Driver/Src/stm32f1xx_hal.o"
arm-none-eabi-gcc "../Drivers/STM32F1xx_HAL_Driver/Src/stm32f1xx_hal_cortex.c" -mcpu=cortex-m3 -std=gnu11 -g3 -DDEBUG -DUSE_HAL_DRIVER -DSTM32F103x6 -c -I../Core/Inc -I../Drivers/STM32F1xx_HAL_Driver/Inc -I../Drivers/STM32F1xx_HAL_Driver/Inc/Legacy -I../Drivers/CMSIS/Device/ST/STM32F1xx/Include -I../Drivers/CMSIS/Include -O0 -ffunction-sections -fdata-sections -Wall -fstack-usage -MMD -MP -MF"Drivers/STM32F1xx_HAL_Driver/Src/stm32f1xx_hal_cortex.d" -MT"Drivers/STM32F1xx_HAL_Driver/Src/stm32f1xx_hal_cortex.o" --specs=nano.specs -mfloat-abi=soft -mthumb -o "Drivers/STM32F1xx_HAL_Driver/Src/stm32f1xx_hal_cortex.o"
arm-none-eabi-gcc "../Drivers/STM32F1xx_HAL_Driver/Src/stm32f1xx_hal_dma.c" -mcpu=cortex-m3 -std=gnu11 -g3 -DDEBUG -DUSE_HAL_DRIVER -DSTM32F103x6 -c -I../Core/Inc -I../Drivers/STM32F1xx_HAL_Driver/Inc -I../Drivers/STM32F1xx_HAL_Driver/Inc/Legacy -I../Drivers/CMSIS/Device/ST/STM32F1xx/Include -I../Drivers/CMSIS/Include -O0 -ffunction-sections -fdata-sections -Wall -fstack-usage -MMD -MP -MF"Drivers/STM32F1xx_HAL_Driver/Src/stm32f1xx_hal_dma.d" -MT"Drivers/STM32F1xx_HAL_Driver/Src/stm32f1xx_hal_dma.o" --specs=nano.specs -mfloat-abi=soft -mthumb -o "Drivers/STM32F1xx_HAL_Driver/Src/stm32f1xx_hal_dma.o"
arm-none-eabi-gcc "../Drivers/STM32F1xx_HAL_Driver/Src/stm32f1xx_hal_exti.c" -mcpu=cortex-m3 -std=gnu11 -g3 -DDEBUG -DUSE_HAL_DRIVER -DSTM32F103x6 -c -I../Core/Inc -I../Drivers/STM32F1xx_HAL_Driver/Inc -I../Drivers/STM32F1xx_HAL_Driver/Inc/Legacy -I../Drivers/CMSIS/Device/ST/STM32F1xx/Include -I../Drivers/CMSIS/Include -O0 -ffunction-sections -fdata-sections -Wall -fstack-usage -MMD -MP -MF"Drivers/STM32F1xx_HAL_Driver/Src/stm32f1xx_hal_exti.d" -MT"Drivers/STM32F1xx_HAL_Driver/Src/stm32f1xx_hal_exti.o" --specs=nano.specs -mfloat-abi=soft -mthumb -o "Drivers/STM32F1xx_HAL_Driver/Src/stm32f1xx_hal_exti.o"
arm-none-eabi-gcc "../Drivers/STM32F1xx_HAL_Driver/Src/stm32f1xx_hal_flash.c" -mcpu=cortex-m3 -std=gnu11 -g3 -DDEBUG -DUSE_HAL_DRIVER -DSTM32F103x6 -c -I../Core/Inc -I../Drivers/STM32F1xx_HAL_Driver/Inc -I../Drivers/STM32F1xx_HAL_Driver/Inc/Legacy -I../Drivers/CMSIS/Device/ST/STM32F1xx/Include -I../Drivers/CMSIS/Include -O0 -ffunction-sections -fdata-sections -Wall -fstack-usage -MMD -MP -MF"Drivers/STM32F1xx_HAL_Driver/Src/stm32f1xx_hal_flash.d" -MT"Drivers/STM32F1xx_HAL_Driver/Src/stm32f1xx_hal_flash.o" --specs=nano.specs -mfloat-abi=soft -mthumb -o "Drivers/STM32F1xx_HAL_Driver/Src/stm32f1xx_hal_flash.o"
arm-none-eabi-gcc "../Drivers/STM32F1xx_HAL_Driver/Src/stm32f1xx_hal_flash_ex.c" -mcpu=cortex-m3 -std=gnu11 -g3 -DDEBUG -DUSE_HAL_DRIVER -DSTM32F103x6 -c -I../Core/Inc -I../Drivers/STM32F1xx_HAL_Driver/Inc -I../Drivers/STM32F1xx_HAL_Driver/Inc/Legacy -I../Drivers/CMSIS/Device/ST/STM32F1xx/Include -I../Drivers/CMSIS/Include -O0 -ffunction-sections -fdata-sections -Wall -fstack-usage -MMD -MP -MF"Drivers/STM32F1xx_HAL_Driver/Src/stm32f1xx_hal_flash_ex.d" -MT"Drivers/STM32F1xx_HAL_Driver/Src/stm32f1xx_hal_flash_ex.o" --specs=nano.specs -mfloat-abi=soft -mthumb -o "Drivers/STM32F1xx_HAL_Driver/Src/stm32f1xx_hal_flash_ex.o"
arm-none-eabi-gcc "../Drivers/STM32F1xx_HAL_Driver/Src/stm32f1xx_hal_gpio.c" -mcpu=cortex-m3 -std=gnu11 -g3 -DDEBUG -DUSE_HAL_DRIVER -DSTM32F103x6 -c -I../Core/Inc -I../Drivers/STM32F1xx_HAL_Driver/Inc -I../Drivers/STM32F1xx_HAL_Driver/Inc/Legacy -I../Drivers/CMSIS/Device/ST/STM32F1xx/Include -I../Drivers/CMSIS/Include -O0 -ffunction-sections -fdata-sections -Wall -fstack-usage -MMD -MP -MF"Drivers/STM32F1xx_HAL_Driver/Src/stm32f1xx_hal_gpio.d" -MT"Drivers/STM32F1xx_HAL_Driver/Src/stm32f1xx_hal_gpio.o" --specs=nano.specs -mfloat-abi=soft -mthumb -o "Drivers/STM32F1xx_HAL_Driver/Src/stm32f1xx_hal_gpio.o"
arm-none-eabi-gcc "../Drivers/STM32F1xx_HAL_Driver/Src/stm32f1xx_hal_gpio_ex.c" -mcpu=cortex-m3 -std=gnu11 -g3 -DDEBUG -DUSE_HAL_DRIVER -DSTM32F103x6 -c -I../Core/Inc -I../Drivers/STM32F1xx_HAL_Driver/Inc -I../Drivers/STM32F1xx_HAL_Driver/Inc/Legacy -I../Drivers/CMSIS/Device/ST/STM32F1xx/Include -I../Drivers/CMSIS/Include -O0 -ffunction-sections -fdata-sections -Wall -fstack-usage -MMD -MP -MF"Drivers/STM32F1xx_HAL_Driver/Src/stm32f1xx_hal_gpio_ex.d" -MT"Drivers/STM32F1xx_HAL_Driver/Src/stm32f1xx_hal_gpio_ex.o" --specs=nano.specs -mfloat-abi=soft -mthumb -o "Drivers/STM32F1xx_HAL_Driver/Src/stm32f1xx_hal_gpio_ex.o"
arm-none-eabi-gcc "../Drivers/STM32F1xx_HAL_Driver/Src/stm32f1xx_hal_pwr.c" -mcpu=cortex-m3 -std=gnu11 -g3 -DDEBUG -DUSE_HAL_DRIVER -DSTM32F103x6 -c -I../Core/Inc -I../Drivers/STM32F1xx_HAL_Driver/Inc -I../Drivers/STM32F1xx_HAL_Driver/Inc/Legacy -I../Drivers/CMSIS/Device/ST/STM32F1xx/Include -I../Drivers/CMSIS/Include -O0 -ffunction-sections -fdata-sections -Wall -fstack-usage -MMD -MP -MF"Drivers/STM32F1xx_HAL_Driver/Src/stm32f1xx_hal_pwr.d" -MT"Drivers/STM32F1xx_HAL_Driver/Src/stm32f1xx_hal_pwr.o" --specs=nano.specs -mfloat-abi=soft -mthumb -o "Drivers/STM32F1xx_HAL_Driver/Src/stm32f1xx_hal_pwr.o"
arm-none-eabi-gcc "../Drivers/STM32F1xx_HAL_Driver/Src/stm32f1xx_hal_rcc.c" -mcpu=cortex-m3 -std=gnu11 -g3 -DDEBUG -DUSE_HAL_DRIVER -DSTM32F103x6 -c -I../Core/Inc -I../Drivers/STM32F1xx_HAL_Driver/Inc -I../Drivers/STM32F1xx_HAL_Driver/Inc/Legacy -I../Drivers/CMSIS/Device/ST/STM32F1xx/Include -I../Drivers/CMSIS/Include -O0 -ffunction-sections -fdata-sections -Wall -fstack-usage -MMD -MP -MF"Drivers/STM32F1xx_HAL_Driver/Src/stm32f1xx_hal_rcc.d" -MT"Drivers/STM32F1xx_HAL_Driver/Src/stm32f1xx_hal_rcc.o" --specs=nano.specs -mfloat-abi=soft -mthumb -o "Drivers/STM32F1xx_HAL_Driver/Src/stm32f1xx_hal_rcc.o"
arm-none-eabi-gcc "../Drivers/STM32F1xx_HAL_Driver/Src/stm32f1xx_hal_rcc_ex.c" -mcpu=cortex-m3 -std=gnu11 -g3 -DDEBUG -DUSE_HAL_DRIVER -DSTM32F103x6 -c -I../Core/Inc -I../Drivers/STM32F1xx_HAL_Driver/Inc -I../Drivers/STM32F1xx_HAL_Driver/Inc/Legacy -I../Drivers/CMSIS/Device/ST/STM32F1xx/Include -I../Drivers/CMSIS/Include -O0 -ffunction-sections -fdata-sections -Wall -fstack-usage -MMD -MP -MF"Drivers/STM32F1xx_HAL_Driver/Src/stm32f1xx_hal_rcc_ex.d" -MT"Drivers/STM32F1xx_HAL_Driver/Src/stm32f1xx_hal_rcc_ex.o" --specs=nano.specs -mfloat-abi=soft -mthumb -o "Drivers/STM32F1xx_HAL_Driver/Src/stm32f1xx_hal_rcc_ex.o"
arm-none-eabi-gcc "../Drivers/STM32F1xx_HAL_Driver/Src/stm32f1xx_hal_tim.c" -mcpu=cortex-m3 -std=gnu11 -g3 -DDEBUG -DUSE_HAL_DRIVER -DSTM32F103x6 -c -I../Core/Inc -I../Drivers/STM32F1xx_HAL_Driver/Inc -I../Drivers/STM32F1xx_HAL_Driver/Inc/Legacy -I../Drivers/CMSIS/Device/ST/STM32F1xx/Include -I../Drivers/CMSIS/Include -O0 -ffunction-sections -fdata-sections -Wall -fstack-usage -MMD -MP -MF"Drivers/STM32F1xx_HAL_Driver/Src/stm32f1xx_hal_tim.d" -MT"Drivers/STM32F1xx_HAL_Driver/Src/stm32f1xx_hal_tim.o" --specs=nano.specs -mfloat-abi=soft -mthumb -o "Drivers/STM32F1xx_HAL_Driver/Src/stm32f1xx_hal_tim.o"
arm-none-eabi-gcc "../Drivers/STM32F1xx_HAL_Driver/Src/stm32f1xx_hal_tim_ex.c" -mcpu=cortex-m3 -std=gnu11 -g3 -DDEBUG -DUSE_HAL_DRIVER -DSTM32F103x6 -c -I../Core/Inc -I../Drivers/STM32F1xx_HAL_Driver/Inc -I../Drivers/STM32F1xx_HAL_Driver/Inc/Legacy -I../Drivers/CMSIS/Device/ST/STM32F1xx/Include -I../Drivers/CMSIS/Include -O0 -ffunction-sections -fdata-sections -Wall -fstack-usage -MMD -MP -MF"Drivers/STM32F1xx_HAL_Driver/Src/stm32f1xx_hal_tim_ex.d" -MT"Drivers/STM32F1xx_HAL_Driver/Src/stm32f1xx_hal_tim_ex.o" --specs=nano.specs -mfloat-abi=soft -mthumb -o "Drivers/STM32F1xx_HAL_Driver/Src/stm32f1xx_hal_tim_ex.o"
arm-none-eabi-gcc "../Core/Src/input_processing.c" -mcpu=cortex-m3 -std=gnu11 -g3 -DDEBUG -DUSE_HAL_DRIVER -DSTM32F103x6 -c -I../Core/Inc -I../Drivers/STM32F1xx_HAL_Driver/Inc -I../Drivers/STM32F1xx_HAL_Driver/Inc/Legacy -I../Drivers/CMSIS/Device/ST/STM32F1xx/Include -I../Drivers/CMSIS/Include -O0 -ffunction-sections -fdata-sections -Wall -fstack-usage -MMD -MP -MF"Core/Src/input_processing.d" -MT"Core/Src/input_processing.o" --specs=nano.specs -mfloat-abi=soft -mthumb -o "Core/Src/input_processing.o"
arm-none-eabi-gcc "../Core/Src/input_reading.c" -mcpu=cortex-m3 -std=gnu11 -g3 -DDEBUG -DUSE_HAL_DRIVER -DSTM32F103x6 -c -I../Core/Inc -I../Drivers/STM32F1xx_HAL_Driver/Inc -I../Drivers/STM32F1xx_HAL_Driver/Inc/Legacy -I../Drivers/CMSIS/Device/ST/STM32F1xx/Include -I../Drivers/CMSIS/Include -O0 -ffunction-sections -fdata-sections -Wall -fstack-usage -MMD -MP -MF"Core/Src/input_reading.d" -MT"Core/Src/input_reading.o" --specs=nano.specs -mfloat-abi=soft -mthumb -o "Core/Src/input_reading.o"
arm-none-eabi-gcc "../Core/Src/led_display.c" -mcpu=cortex-m3 -std=gnu11 -g3 -DDEBUG -DUSE_HAL_DRIVER -DSTM32F103x6 -c -I../Core/Inc -I../Drivers/STM32F1xx_HAL_Driver/Inc -I../Drivers/STM32F1xx_HAL_Driver/Inc/Legacy -I../Drivers/CMSIS/Device/ST/STM32F1xx/Include -I../Drivers/CMSIS/Include -O0 -ffunction-sections -fdata-sections -Wall -fstack-usage -MMD -MP -MF"Core/Src/led_display.d" -MT"Core/Src/led_display.o" --specs=nano.specs -mfloat-abi=soft -mthumb -o "Core/Src/led_display.o"
arm-none-eabi-gcc "../Core/Src/main.c" -mcpu=cortex-m3 -std=gnu11 -g3 -DDEBUG -DUSE_HAL_DRIVER -DSTM32F103x6 -c -I../Core/Inc -I../Drivers/STM32F1xx_HAL_Driver/Inc -I../Drivers/STM32F1xx_HAL_Driver/Inc/Legacy -I../Drivers/CMSIS/Device/ST/STM32F1xx/Include -I../Drivers/CMSIS/Include -O0 -ffunction-sections -fdata-sections -Wall -fstack-usage -MMD -MP -MF"Core/Src/main.d" -MT"Core/Src/main.o" --specs=nano.specs -mfloat-abi=soft -mthumb -o "Core/Src/main.o"
arm-none-eabi-gcc "../Core/Src/stm32f1xx_hal_msp.c" -mcpu=cortex-m3 -std=gnu11 -g3 -DDEBUG -DUSE_HAL_DRIVER -DSTM32F103x6 -c -I../Core/Inc -I../Drivers/STM32F1xx_HAL_Driver/Inc -I../Drivers/STM32F1xx_HAL_Driver/Inc/Legacy -I../Drivers/CMSIS/Device/ST/STM32F1xx/Include -I../Drivers/CMSIS/Include -O0 -ffunction-sections -fdata-sections -Wall -fstack-usage -MMD -MP -MF"Core/Src/stm32f1xx_hal_msp.d" -MT"Core/Src/stm32f1xx_hal_msp.o" --specs=nano.specs -mfloat-abi=soft -mthumb -o "Core/Src/stm32f1xx_hal_msp.o"
arm-none-eabi-gcc "../Core/Src/stm32f1xx_it.c" -mcpu=cortex-m3 -std=gnu11 -g3 -DDEBUG -DUSE_HAL_DRIVER -DSTM32F103x6 -c -I../Core/Inc -I../Drivers/STM32F1xx_HAL_Driver/Inc -I../Drivers/STM32F1xx_HAL_Driver/Inc/Legacy -I../Drivers/CMSIS/Device/ST/STM32F1xx/Include -I../Drivers/CMSIS/Include -O0 -ffunction-sections -fdata-sections -Wall -fstack-usage -MMD -MP -MF"Core/Src/stm32f1xx_it.d" -MT"Core/Src/stm32f1xx_it.o" --specs=nano.specs -mfloat-abi=soft -mthumb -o "Core/Src/stm32f1xx_it.o"
arm-none-eabi-gcc "../Core/Src/system_stm32f1xx.c" -mcpu=cortex-m3 -std=gnu11 -g3 -DDEBUG -DUSE_HAL_DRIVER -DSTM32F103x6 -c -I../Core/Inc -I../Drivers/STM32F1xx_HAL_Driver/Inc -I../Drivers/STM32F1xx_HAL_Driver/Inc/Legacy -I../Drivers/CMSIS/Device/ST/STM32F1xx/Include -I../Drivers/CMSIS/Include -O0 -ffunction-sections -fdata-sections -Wall -fstack-usage -MMD -MP -MF"Core/Src/system_stm32f1xx.d" -MT"Core/Src/system_stm32f1xx.o" --specs=nano.specs -mfloat-abi=soft -mthumb -o "Core/Src/system_stm32f1xx.o"
arm-none-eabi-gcc "../Core/Src/timer.c" -mcpu=cortex-m3 -std=gnu11 -g3 -DDEBUG -DUSE_HAL_DRIVER -DSTM32F103x6 -c -I../Core/Inc -I../Drivers/STM32F1xx_HAL_Driver/Inc -I../Drivers/STM32F1xx_HAL_Driver/Inc/Legacy -I../Drivers/CMSIS/Device/ST/STM32F1xx/Include -I../Drivers/CMSIS/Include -O0 -ffunction-sections -fdata-sections -Wall -fstack-usage -MMD -MP -MF"Core/Src/timer.d" -MT"Core/Src/timer.o" --specs=nano.specs -mfloat-abi=soft -mthumb -o "Core/Src/timer.o"
arm-none-eabi-gcc -o "lab3.elf" @"objects.list"   -mcpu=cortex-m3 -T"C:\Users\ACER\STM32CubeIDE\workspace_1.7.0\lab3\lab3\STM32F103C6UX_FLASH.ld" --specs=nosys.specs -Wl,-Map="lab3.map" -Wl,--gc-sections -static --specs=nano.specs -mfloat-abi=soft -mthumb -Wl,--start-group -lc -lm -Wl,--end-group
Finished building target: lab3.elf
 
arm-none-eabi-size   lab3.elf 
arm-none-eabi-objdump -h -S  lab3.elf  > "lab3.list"
arm-none-eabi-objcopy  -O ihex  lab3.elf  "lab3.hex"
arm-none-eabi-objcopy  -O binary  lab3.elf  "lab3.bin"
   text	   data	    bss	    dec	    hex	filename
  11596	     36	   1748	  13380	   3444	lab3.elf
Finished building: default.size.stdout
 
Finished building: lab3.bin
Finished building: lab3.hex
 
 
Finished building: lab3.list
 
23:44:45 **** Incremental Build of configuration Debug for project lab3 ****
make -j12 all 
arm-none-eabi-size   lab3.elf 
   text	   data	    bss	    dec	    hex	filename
  11596	     36	   1748	  13380	   3444	lab3.elf
Finished building: default.size.stdout
 
